<html>
<body>
<pre>
<h1>µVision Build Log</h1>
<h2>Project:</h2>
C:\Users\Xiaodeng\Desktop\newtemplate\Projet\STM32_PRO.uvproj
Project File Date:  12/22/2014

<h2>Output:</h2>
compiling main.c...
main.c: Error: command-line:  #992: invalid macro definition: STM32F10X_HD.USE_STDPERIPH_DRIVER
"..\USER\main.c" - 1 Errors, 0 Warning(s).
compiling main.c...
"..\USER\main.c" - 0 Errors, 0 Warning(s).
Build target 'NEW_TEMP'
assembling startup_stm32f10x_hd.s...
compiling core_cm3.c...
compiling system_stm32f10x.c...
compiling misc.c...
compiling stm32f10x_dma.c...
compiling stm32f10x_gpio.c...
compiling stm32f10x_rcc.c...
compiling stm32f10x_spi.c...
compiling stm32f10x_usart.c...
compiling 24l01.c...
..\BSP\24l01.c(2): error:  #5: cannot open source input file "delay.h": No such file or directory
compiling ADNS3080.c...
..\BSP\ADNS3080.c(89): warning:  #550-D: variable "status" was set but never used
..\BSP\ADNS3080.c(107): warning:  #550-D: variable "status" was set but never used
..\BSP\ADNS3080.c(317): warning:  #940-D: missing return statement at end of non-void function "ADNS3080_DownloadSROM"
..\BSP\ADNS3080.c(302): warning:  #177-D: variable "i" was declared but never referenced
..\BSP\ADNS3080.c(382): warning:  #177-D: variable "i" was declared but never referenced
..\BSP\ADNS3080.c(558): warning:  #177-D: variable "firstpixel" was declared but never referenced
compiling I2C_1.c...
compiling OLED_MWC.c...
compiling spi.c...
compiling SysTick.c...
compiling usart.c...
compiling Optical_Flow.c...
..\APP\Optical_Flow.c(65): error:  #20: identifier "surface_quality" is undefined
..\APP\Optical_Flow.c(74): error:  #20: identifier "dx" is undefined
..\APP\Optical_Flow.c(75): error:  #20: identifier "dy" is undefined
compiling Transmit.c...
compiling stm32f10x_it.c...
".\Output\STM32_PRO.axf" - 4 Errors, 6 Warning(s).
Target not created
Rebuild target 'NEW_TEMP'
assembling startup_stm32f10x_hd.s...
compiling core_cm3.c...
compiling system_stm32f10x.c...
compiling misc.c...
compiling stm32f10x_dma.c...
compiling stm32f10x_gpio.c...
compiling stm32f10x_rcc.c...
compiling stm32f10x_spi.c...
compiling stm32f10x_usart.c...
compiling 24l01.c...
..\BSP\24l01.c(2): error:  #5: cannot open source input file "delay.h": No such file or directory
compiling ADNS3080.c...
..\BSP\ADNS3080.c(89): warning:  #550-D: variable "status" was set but never used
..\BSP\ADNS3080.c(107): warning:  #550-D: variable "status" was set but never used
..\BSP\ADNS3080.c(317): warning:  #940-D: missing return statement at end of non-void function "ADNS3080_DownloadSROM"
..\BSP\ADNS3080.c(302): warning:  #177-D: variable "i" was declared but never referenced
..\BSP\ADNS3080.c(382): warning:  #177-D: variable "i" was declared but never referenced
..\BSP\ADNS3080.c(558): warning:  #177-D: variable "firstpixel" was declared but never referenced
compiling I2C_1.c...
compiling OLED_MWC.c...
compiling spi.c...
compiling SysTick.c...
compiling usart.c...
compiling Optical_Flow.c...
..\APP\Optical_Flow.c(65): error:  #20: identifier "surface_quality" is undefined
..\APP\Optical_Flow.c(74): error:  #20: identifier "dx" is undefined
..\APP\Optical_Flow.c(75): error:  #20: identifier "dy" is undefined
compiling Transmit.c...
compiling main.c...
compiling stm32f10x_it.c...
".\Output\STM32_PRO.axf" - 4 Errors, 6 Warning(s).
Target not created
Build target 'NEW_TEMP'
assembling startup_stm32f10x_hd.s...
compiling core_cm3.c...
compiling system_stm32f10x.c...
compiling misc.c...
compiling stm32f10x_dma.c...
compiling stm32f10x_gpio.c...
compiling stm32f10x_rcc.c...
compiling stm32f10x_spi.c...
compiling stm32f10x_usart.c...
compiling 24l01.c...
compiling ADNS3080.c...
..\BSP\ADNS3080.h(5): error:  #5: cannot open source input file "Project_cfg.h": No such file or directory
compiling I2C_1.c...
compiling OLED_MWC.c...
compiling spi.c...
compiling SysTick.c...
compiling usart.c...
compiling Optical_Flow.c...
..\BSP\ADNS3080.h(5): error:  #5: cannot open source input file "Project_cfg.h": No such file or directory
compiling Transmit.c...
compiling main.c...
..\BSP\ADNS3080.h(5): error:  #5: cannot open source input file "Project_cfg.h": No such file or directory
compiling stm32f10x_it.c...
".\Output\STM32_PRO.axf" - 3 Errors, 0 Warning(s).
Target not created
Build target 'NEW_TEMP'
compiling 24l01.c...
compiling ADNS3080.c...
..\BSP\ADNS3080.c(49): error:  #20: identifier "ADNS3080_NPD_PIN" is undefined
..\BSP\ADNS3080.c(52): error:  #20: identifier "ADNS3080_NPD_PORT" is undefined
..\BSP\ADNS3080.c(53): error:  #20: identifier "Set_ADNS3080_NPD" is undefined
..\BSP\ADNS3080.c(89): warning:  #550-D: variable "status" was set but never used
..\BSP\ADNS3080.c(107): warning:  #550-D: variable "status" was set but never used
..\BSP\ADNS3080.c(317): warning:  #940-D: missing return statement at end of non-void function "ADNS3080_DownloadSROM"
..\BSP\ADNS3080.c(302): warning:  #177-D: variable "i" was declared but never referenced
..\BSP\ADNS3080.c(382): warning:  #177-D: variable "i" was declared but never referenced
..\BSP\ADNS3080.c(558): warning:  #177-D: variable "firstpixel" was declared but never referenced
compiling Optical_Flow.c...
compiling main.c...
..\USER\main.c(68): warning:  #223-D: function "Update_conversion_factors" declared implicitly
..\USER\main.c(73): warning:  #223-D: function "Update_Position" declared implicitly
".\Output\STM32_PRO.axf" - 3 Errors, 8 Warning(s).
Target not created
compiling main.c...
"..\USER\main.c" - 0 Errors, 0 Warning(s).
Build target 'NEW_TEMP'
compiling ADNS3080.c...
..\BSP\ADNS3080.c(49): error:  #20: identifier "ADNS3080_NPD_PIN" is undefined
..\BSP\ADNS3080.c(52): error:  #20: identifier "ADNS3080_NPD_PORT" is undefined
..\BSP\ADNS3080.c(53): error:  #20: identifier "Set_ADNS3080_NPD" is undefined
..\BSP\ADNS3080.c(89): warning:  #550-D: variable "status" was set but never used
..\BSP\ADNS3080.c(107): warning:  #550-D: variable "status" was set but never used
..\BSP\ADNS3080.c(317): warning:  #940-D: missing return statement at end of non-void function "ADNS3080_DownloadSROM"
..\BSP\ADNS3080.c(302): warning:  #177-D: variable "i" was declared but never referenced
..\BSP\ADNS3080.c(382): warning:  #177-D: variable "i" was declared but never referenced
..\BSP\ADNS3080.c(558): warning:  #177-D: variable "firstpixel" was declared but never referenced
compiling Optical_Flow.c...
".\Output\STM32_PRO.axf" - 3 Errors, 6 Warning(s).
Target not created
Build target 'NEW_TEMP'
compiling ADNS3080.c...
..\BSP\ADNS3080.c(90): warning:  #550-D: variable "status" was set but never used
..\BSP\ADNS3080.c(108): warning:  #550-D: variable "status" was set but never used
..\BSP\ADNS3080.c(318): warning:  #940-D: missing return statement at end of non-void function "ADNS3080_DownloadSROM"
..\BSP\ADNS3080.c(303): warning:  #177-D: variable "i" was declared but never referenced
..\BSP\ADNS3080.c(383): warning:  #177-D: variable "i" was declared but never referenced
..\BSP\ADNS3080.c(559): warning:  #177-D: variable "firstpixel" was declared but never referenced
compiling Optical_Flow.c...
compiling main.c...
linking...
.\Output\STM32_PRO.axf: Error: L6200E: Symbol num_pixels multiply defined (by optical_flow.o and adns3080.o).
.\Output\STM32_PRO.axf: Error: L6200E: Symbol scaler multiply defined (by optical_flow.o and adns3080.o).
.\Output\STM32_PRO.axf: Error: L6200E: Symbol field_of_view multiply defined (by optical_flow.o and adns3080.o).
.\Output\STM32_PRO.axf: Error: L6200E: Symbol conv_factor multiply defined (by optical_flow.o and adns3080.o).
.\Output\STM32_PRO.axf: Error: L6200E: Symbol radians_to_pixels multiply defined (by optical_flow.o and adns3080.o).
.\Output\STM32_PRO.axf: Error: L6200E: Symbol exp_change_x multiply defined (by optical_flow.o and adns3080.o).
.\Output\STM32_PRO.axf: Error: L6200E: Symbol exp_change_y multiply defined (by optical_flow.o and adns3080.o).
.\Output\STM32_PRO.axf: Error: L6200E: Symbol change_x multiply defined (by optical_flow.o and adns3080.o).
.\Output\STM32_PRO.axf: Error: L6200E: Symbol change_y multiply defined (by optical_flow.o and adns3080.o).
.\Output\STM32_PRO.axf: Error: L6200E: Symbol x_cm multiply defined (by optical_flow.o and adns3080.o).
.\Output\STM32_PRO.axf: Error: L6200E: Symbol y_cm multiply defined (by optical_flow.o and adns3080.o).
.\Output\STM32_PRO.axf: Error: L6200E: Symbol _last_roll multiply defined (by optical_flow.o and adns3080.o).
.\Output\STM32_PRO.axf: Error: L6200E: Symbol _last_pitch multiply defined (by optical_flow.o and adns3080.o).
.\Output\STM32_PRO.axf: Error: L6200E: Symbol _last_altitude multiply defined (by optical_flow.o and adns3080.o).
.\Output\STM32_PRO.axf: Error: L6200E: Symbol Update_conversion_factors multiply defined (by optical_flow.o and adns3080.o).
.\Output\STM32_PRO.axf: Error: L6200E: Symbol Update_Position multiply defined (by optical_flow.o and adns3080.o).
".\Output\STM32_PRO.axf" - 16 Errors, 6 Warning(s).
Target not created
Build target 'NEW_TEMP'
compiling ADNS3080.c...
..\BSP\ADNS3080.c(76): warning:  #550-D: variable "status" was set but never used
..\BSP\ADNS3080.c(94): warning:  #550-D: variable "status" was set but never used
..\BSP\ADNS3080.c(304): warning:  #940-D: missing return statement at end of non-void function "ADNS3080_DownloadSROM"
..\BSP\ADNS3080.c(289): warning:  #177-D: variable "i" was declared but never referenced
..\BSP\ADNS3080.c(369): warning:  #177-D: variable "i" was declared but never referenced
..\BSP\ADNS3080.c(449): error:  #20: identifier "conv_factor" is undefined
..\BSP\ADNS3080.c(449): error:  #20: identifier "num_pixels" is undefined
..\BSP\ADNS3080.c(449): error:  #20: identifier "scaler" is undefined
..\BSP\ADNS3080.c(450): error:  #20: identifier "field_of_view" is undefined
..\BSP\ADNS3080.c(452): error:  #20: identifier "radians_to_pixels" is undefined
..\BSP\ADNS3080.c(467): error:  #20: identifier "_last_roll" is undefined
..\BSP\ADNS3080.c(468): error:  #20: identifier "_last_pitch" is undefined
..\BSP\ADNS3080.c(469): error:  #20: identifier "_last_altitude" is undefined
..\BSP\ADNS3080.c(479): error:  #20: identifier "exp_change_x" is undefined
..\BSP\ADNS3080.c(479): error:  #20: identifier "radians_to_pixels" is undefined
..\BSP\ADNS3080.c(480): error:  #20: identifier "exp_change_y" is undefined
..\BSP\ADNS3080.c(483): error:  #20: identifier "change_x" is undefined
..\BSP\ADNS3080.c(484): error:  #20: identifier "change_y" is undefined
..\BSP\ADNS3080.c(490): error:  #20: identifier "x_cm" is undefined
..\BSP\ADNS3080.c(490): error:  #20: identifier "conv_factor" is undefined
..\BSP\ADNS3080.c(493): error:  #20: identifier "y_cm" is undefined
..\BSP\ADNS3080.c(499): error:  #20: identifier "x_cm" is undefined
..\BSP\ADNS3080.c(500): error:  #20: identifier "y_cm" is undefined
..\BSP\ADNS3080.c(545): warning:  #177-D: variable "firstpixel" was declared but never referenced
".\Output\STM32_PRO.axf" - 18 Errors, 6 Warning(s).
Target not created
compiling ADNS3080.c...
..\BSP\ADNS3080.c(81): warning:  #550-D: variable "status" was set but never used
..\BSP\ADNS3080.c(99): warning:  #550-D: variable "status" was set but never used
..\BSP\ADNS3080.c(309): warning:  #940-D: missing return statement at end of non-void function "ADNS3080_DownloadSROM"
..\BSP\ADNS3080.c(294): warning:  #177-D: variable "i" was declared but never referenced
..\BSP\ADNS3080.c(374): warning:  #177-D: variable "i" was declared but never referenced
..\BSP\ADNS3080.c(472): error:  #20: identifier "_last_roll" is undefined
..\BSP\ADNS3080.c(473): error:  #20: identifier "_last_pitch" is undefined
..\BSP\ADNS3080.c(474): error:  #20: identifier "_last_altitude" is undefined
..\BSP\ADNS3080.c(484): error:  #20: identifier "exp_change_x" is undefined
..\BSP\ADNS3080.c(485): error:  #20: identifier "exp_change_y" is undefined
..\BSP\ADNS3080.c(488): error:  #20: identifier "change_x" is undefined
..\BSP\ADNS3080.c(489): error:  #20: identifier "change_y" is undefined
..\BSP\ADNS3080.c(495): error:  #20: identifier "x_cm" is undefined
..\BSP\ADNS3080.c(498): error:  #20: identifier "y_cm" is undefined
..\BSP\ADNS3080.c(504): error:  #20: identifier "x_cm" is undefined
..\BSP\ADNS3080.c(505): error:  #20: identifier "y_cm" is undefined
..\BSP\ADNS3080.c(550): warning:  #177-D: variable "firstpixel" was declared but never referenced
"..\BSP\ADNS3080.c" - 11 Errors, 6 Warning(s).
compiling ADNS3080.c...
..\BSP\ADNS3080.c(81): warning:  #550-D: variable "status" was set but never used
..\BSP\ADNS3080.c(99): warning:  #550-D: variable "status" was set but never used
..\BSP\ADNS3080.c(309): warning:  #940-D: missing return statement at end of non-void function "ADNS3080_DownloadSROM"
..\BSP\ADNS3080.c(294): warning:  #177-D: variable "i" was declared but never referenced
..\BSP\ADNS3080.c(374): warning:  #177-D: variable "i" was declared but never referenced
..\BSP\ADNS3080.c(496): warning:  #177-D: variable "firstpixel" was declared but never referenced
"..\BSP\ADNS3080.c" - 0 Errors, 6 Warning(s).
Build target 'NEW_TEMP'
linking...
.\Output\STM32_PRO.axf: Error: L6200E: Symbol num_pixels multiply defined (by optical_flow.o and adns3080.o).
.\Output\STM32_PRO.axf: Error: L6200E: Symbol scaler multiply defined (by optical_flow.o and adns3080.o).
.\Output\STM32_PRO.axf: Error: L6200E: Symbol field_of_view multiply defined (by optical_flow.o and adns3080.o).
.\Output\STM32_PRO.axf: Error: L6200E: Symbol conv_factor multiply defined (by optical_flow.o and adns3080.o).
.\Output\STM32_PRO.axf: Error: L6200E: Symbol radians_to_pixels multiply defined (by optical_flow.o and adns3080.o).
.\Output\STM32_PRO.axf: Error: L6200E: Symbol Update_conversion_factors multiply defined (by optical_flow.o and adns3080.o).
".\Output\STM32_PRO.axf" - 6 Errors, 0 Warning(s).
Target not created
Build target 'NEW_TEMP'
compiling ADNS3080.c...
..\BSP\ADNS3080.c(80): warning:  #550-D: variable "status" was set but never used
..\BSP\ADNS3080.c(98): warning:  #550-D: variable "status" was set but never used
..\BSP\ADNS3080.c(308): warning:  #940-D: missing return statement at end of non-void function "ADNS3080_DownloadSROM"
..\BSP\ADNS3080.c(293): warning:  #177-D: variable "i" was declared but never referenced
..\BSP\ADNS3080.c(373): warning:  #177-D: variable "i" was declared but never referenced
..\BSP\ADNS3080.c(453): error:  #20: identifier "num_pixels" is undefined
..\BSP\ADNS3080.c(495): warning:  #177-D: variable "firstpixel" was declared but never referenced
".\Output\STM32_PRO.axf" - 1 Errors, 6 Warning(s).
Target not created
compiling ADNS3080.c...
..\BSP\ADNS3080.c(80): warning:  #550-D: variable "status" was set but never used
..\BSP\ADNS3080.c(98): warning:  #550-D: variable "status" was set but never used
..\BSP\ADNS3080.c(308): warning:  #940-D: missing return statement at end of non-void function "ADNS3080_DownloadSROM"
..\BSP\ADNS3080.c(293): warning:  #177-D: variable "i" was declared but never referenced
..\BSP\ADNS3080.c(373): warning:  #177-D: variable "i" was declared but never referenced
..\BSP\ADNS3080.c(476): warning:  #177-D: variable "firstpixel" was declared but never referenced
"..\BSP\ADNS3080.c" - 0 Errors, 6 Warning(s).
compiling ADNS3080.c...
..\BSP\ADNS3080.c(80): warning:  #550-D: variable "status" was set but never used
..\BSP\ADNS3080.c(98): warning:  #550-D: variable "status" was set but never used
..\BSP\ADNS3080.c(372): warning:  #177-D: variable "i" was declared but never referenced
..\BSP\ADNS3080.c(475): warning:  #177-D: variable "firstpixel" was declared but never referenced
"..\BSP\ADNS3080.c" - 0 Errors, 4 Warning(s).
Build target 'NEW_TEMP'
linking...
.\Output\STM32_PRO.axf: Error: L6200E: Symbol scaler multiply defined (by optical_flow.o and adns3080.o).
.\Output\STM32_PRO.axf: Error: L6200E: Symbol field_of_view multiply defined (by optical_flow.o and adns3080.o).
.\Output\STM32_PRO.axf: Error: L6200E: Symbol conv_factor multiply defined (by optical_flow.o and adns3080.o).
.\Output\STM32_PRO.axf: Error: L6200E: Symbol radians_to_pixels multiply defined (by optical_flow.o and adns3080.o).
".\Output\STM32_PRO.axf" - 4 Errors, 0 Warning(s).
Target not created
Build target 'NEW_TEMP'
compiling ADNS3080.c...
..\BSP\ADNS3080.c(80): warning:  #550-D: variable "status" was set but never used
..\BSP\ADNS3080.c(98): warning:  #550-D: variable "status" was set but never used
..\BSP\ADNS3080.c(372): warning:  #177-D: variable "i" was declared but never referenced
..\BSP\ADNS3080.c(475): warning:  #177-D: variable "firstpixel" was declared but never referenced
linking...
.\Output\STM32_PRO.axf: Error: L6200E: Symbol conv_factor multiply defined (by optical_flow.o and adns3080.o).
.\Output\STM32_PRO.axf: Error: L6200E: Symbol radians_to_pixels multiply defined (by optical_flow.o and adns3080.o).
".\Output\STM32_PRO.axf" - 2 Errors, 4 Warning(s).
Target not created
Build target 'NEW_TEMP'
compiling ADNS3080.c...
..\BSP\ADNS3080.c(77): warning:  #550-D: variable "status" was set but never used
..\BSP\ADNS3080.c(95): warning:  #550-D: variable "status" was set but never used
..\BSP\ADNS3080.c(369): warning:  #177-D: variable "i" was declared but never referenced
..\BSP\ADNS3080.c(472): warning:  #177-D: variable "firstpixel" was declared but never referenced
linking...
Program Size: Code=11696 RO-data=2020 RW-data=2088 ZI-data=1048  
FromELF: creating hex file...
".\Output\STM32_PRO.axf" - 0 Errors, 4 Warning(s).
compiling main.c...
"..\USER\main.c" - 0 Errors, 0 Warning(s).
Build target 'NEW_TEMP'
compiling ADNS3080.c...
..\BSP\ADNS3080.c(76): warning:  #550-D: variable "status" was set but never used
..\BSP\ADNS3080.c(94): warning:  #550-D: variable "status" was set but never used
..\BSP\ADNS3080.c(368): warning:  #177-D: variable "i" was declared but never referenced
..\BSP\ADNS3080.c(469): warning:  #177-D: variable "firstpixel" was declared but never referenced
linking...
Program Size: Code=11696 RO-data=2020 RW-data=2088 ZI-data=1048  
FromELF: creating hex file...
".\Output\STM32_PRO.axf" - 0 Errors, 4 Warning(s).
Build target 'NEW_TEMP'
compiling ADNS3080.c...
..\BSP\ADNS3080.c(76): warning:  #550-D: variable "status" was set but never used
..\BSP\ADNS3080.c(94): warning:  #550-D: variable "status" was set but never used
..\BSP\ADNS3080.c(469): warning:  #177-D: variable "firstpixel" was declared but never referenced
linking...
Program Size: Code=11696 RO-data=2020 RW-data=2088 ZI-data=1048  
FromELF: creating hex file...
".\Output\STM32_PRO.axf" - 0 Errors, 3 Warning(s).
compiling spi.c...
"..\BSP\spi.c" - 0 Errors, 0 Warning(s).
Build target 'NEW_TEMP'
compiling ADNS3080.c...
..\BSP\ADNS3080.c(76): warning:  #550-D: variable "status" was set but never used
..\BSP\ADNS3080.c(94): warning:  #550-D: variable "status" was set but never used
..\BSP\ADNS3080.c(466): warning:  #177-D: variable "firstpixel" was declared but never referenced
linking...
Program Size: Code=11696 RO-data=2020 RW-data=2088 ZI-data=1048  
FromELF: creating hex file...
".\Output\STM32_PRO.axf" - 0 Errors, 3 Warning(s).
compiling main.c...
"..\USER\main.c" - 0 Errors, 0 Warning(s).
Build target 'NEW_TEMP'
linking...
Program Size: Code=11700 RO-data=2020 RW-data=2088 ZI-data=1048  
FromELF: creating hex file...
".\Output\STM32_PRO.axf" - 0 Errors, 0 Warning(s).
compiling Optical_Flow.c...
"..\APP\Optical_Flow.c" - 0 Errors, 0 Warning(s).
Build target 'NEW_TEMP'
linking...
Program Size: Code=11700 RO-data=2020 RW-data=2088 ZI-data=1048  
FromELF: creating hex file...
".\Output\STM32_PRO.axf" - 0 Errors, 0 Warning(s).
Load "C:\\Users\\Xiaodeng\\Desktop\\newtemplate\\Projet\\Output\\STM32_PRO.axf" 
Set JLink Project File to "C:\Users\Xiaodeng\Desktop\newtemplate\Projet\JLinkSettings.ini"
* JLink Info: Device "STM32F103VE" selected (512 KB flash, 64 KB RAM).
 
JLink info:
------------
DLL: V4.58a, compiled Dec  5 2012 18:38:08
Firmware: J-Link ARM V8 compiled Nov 25 2013 19:20:08
Hardware: V8.00
S/N : 799713843 
Feature(s) : RDI,FlashDL,FlashBP,JFlash,GDBFULL 
 
* JLink Info: TotalIRLen = ?, IRPrint = 0x..000000000000000000000000
* JLink Info: STM32F1xxx: Can not attach to CPU. Trying connect under reset.
* JLink Info: TotalIRLen = ?, IRPrint = 0x..000000000000000000000000
Load "C:\\Users\\Xiaodeng\\Desktop\\newtemplate\\Projet\\Output\\STM32_PRO.axf" 
Set JLink Project File to "C:\Users\Xiaodeng\Desktop\newtemplate\Projet\JLinkSettings.ini"
* JLink Info: Device "STM32F103VE" selected (512 KB flash, 64 KB RAM).
 
JLink info:
------------
DLL: V4.58a, compiled Dec  5 2012 18:38:08
Firmware: J-Link ARM V8 compiled Nov 25 2013 19:20:08
Hardware: V8.00
S/N : 799713843 
Feature(s) : RDI,FlashDL,FlashBP,JFlash,GDBFULL 
 
* JLink Info: Found SWD-DP with ID 0x1BA01477
* JLink Info: Found SWD-DP with ID 0x1BA01477
* JLink Info: TPIU fitted.
* JLink Info: FPUnit: 6 code (BP) slots and 2 literal slots
* JLink Info: Found Cortex-M3 r1p1, Little endian.
ROMTableAddr = 0xE00FF003
 
Target info:
------------
Device: STM32F103VE
VTarget = 3.235V
State of Pins: 
TCK: 0, TDI: 1, TDO: 0, TMS: 1, TRES: 1, TRST: 1
Hardware-Breakpoints: 6
Software-Breakpoints: 8192
Watchpoints:          4
JTAG speed: 2000 kHz
 
Erase Done.
Programming Failed!
compiling Optical_Flow.c...
"..\APP\Optical_Flow.c" - 0 Errors, 0 Warning(s).
Build target 'NEW_TEMP'
linking...
Program Size: Code=11700 RO-data=2020 RW-data=2088 ZI-data=1048  
FromELF: creating hex file...
".\Output\STM32_PRO.axf" - 0 Errors, 0 Warning(s).
Load "C:\\Users\\Xiaodeng\\Desktop\\newtemplate\\Projet\\Output\\STM32_PRO.axf" 
Set JLink Project File to "C:\Users\Xiaodeng\Desktop\newtemplate\Projet\JLinkSettings.ini"
* JLink Info: Device "STM32F103VE" selected (512 KB flash, 64 KB RAM).
 
JLink info:
------------
DLL: V4.58a, compiled Dec  5 2012 18:38:08
Firmware: J-Link ARM V8 compiled Nov 25 2013 19:20:08
Hardware: V8.00
S/N : 799713843 
Feature(s) : RDI,FlashDL,FlashBP,JFlash,GDBFULL 
 
* JLink Info: Found SWD-DP with ID 0x1BA01477
* JLink Info: Found SWD-DP with ID 0x1BA01477
* JLink Info: TPIU fitted.
* JLink Info: FPUnit: 6 code (BP) slots and 2 literal slots
* JLink Info: Found Cortex-M3 r1p1, Little endian.
ROMTableAddr = 0xE00FF003
 
Target info:
------------
Device: STM32F103VE
VTarget = 3.235V
State of Pins: 
TCK: 0, TDI: 1, TDO: 0, TMS: 1, TRES: 1, TRST: 1
Hardware-Breakpoints: 6
Software-Breakpoints: 8192
Watchpoints:          4
JTAG speed: 2000 kHz
 
Erase Done.
Programming Failed!
Build target 'NEW_TEMP'
compiling core_cm3.c...
compiling system_stm32f10x.c...
compiling misc.c...
compiling stm32f10x_dma.c...
compiling stm32f10x_gpio.c...
compiling stm32f10x_rcc.c...
compiling stm32f10x_spi.c...
compiling stm32f10x_usart.c...
compiling 24l01.c...
compiling ADNS3080.c...
..\BSP\ADNS3080.c(76): warning:  #550-D: variable "status" was set but never used
..\BSP\ADNS3080.c(94): warning:  #550-D: variable "status" was set but never used
..\BSP\ADNS3080.c(466): warning:  #177-D: variable "firstpixel" was declared but never referenced
compiling I2C_1.c...
compiling OLED_MWC.c...
compiling spi.c...
compiling SysTick.c...
compiling usart.c...
compiling Optical_Flow.c...
compiling Transmit.c...
compiling main.c...
compiling stm32f10x_it.c...
linking...
Program Size: Code=11700 RO-data=2020 RW-data=2088 ZI-data=1048  
FromELF: creating hex file...
".\Output\STM32_PRO.axf" - 0 Errors, 3 Warning(s).
Load "C:\\Users\\Xiaodeng\\Desktop\\newtemplate\\Projet\\Output\\STM32_PRO.axf" 
Set JLink Project File to "C:\Users\Xiaodeng\Desktop\newtemplate\Projet\JLinkSettings.ini"
* JLink Info: Device "STM32F103VE" selected (512 KB flash, 64 KB RAM).
 
JLink info:
------------
DLL: V4.58a, compiled Dec  5 2012 18:38:08
Firmware: J-Link ARM V8 compiled Nov 25 2013 19:20:08
Hardware: V8.00
S/N : 799713843 
Feature(s) : RDI,FlashDL,FlashBP,JFlash,GDBFULL 
 
* JLink Info: Found SWD-DP with ID 0x1BA01477
* JLink Info: Found SWD-DP with ID 0x1BA01477
* JLink Info: TPIU fitted.
* JLink Info: FPUnit: 6 code (BP) slots and 2 literal slots
* JLink Info: Found Cortex-M3 r1p1, Little endian.
ROMTableAddr = 0xE00FF003
 
Target info:
------------
Device: STM32F103VE
VTarget = 3.241V
State of Pins: 
TCK: 0, TDI: 1, TDO: 0, TMS: 1, TRES: 1, TRST: 1
Hardware-Breakpoints: 6
Software-Breakpoints: 8192
Watchpoints:          4
JTAG speed: 2000 kHz
 
Erase Done.
Programming Failed!
Build target 'NEW_TEMP'
linking...
Program Size: Code=11700 RO-data=2020 RW-data=2088 ZI-data=1048  
FromELF: creating hex file...
".\Output\STM32_PRO.axf" - 0 Errors, 0 Warning(s).
Load "C:\\Users\\Xiaodeng\\Desktop\\newtemplate\\Projet\\Output\\STM32_PRO.axf" 
Set JLink Project File to "C:\Users\Xiaodeng\Desktop\newtemplate\Projet\JLinkSettings.ini"
* JLink Info: Device "STM32F103VE" selected (512 KB flash, 64 KB RAM).
 
JLink info:
------------
DLL: V4.58a, compiled Dec  5 2012 18:38:08
Firmware: J-Link ARM V8 compiled Nov 25 2013 19:20:08
Hardware: V8.00
S/N : 799713843 
Feature(s) : RDI,FlashDL,FlashBP,JFlash,GDBFULL 
 
* JLink Info: Found SWD-DP with ID 0x1BA01477
* JLink Info: Found SWD-DP with ID 0x1BA01477
* JLink Info: TPIU fitted.
* JLink Info: FPUnit: 6 code (BP) slots and 2 literal slots
* JLink Info: Found Cortex-M3 r1p1, Little endian.
ROMTableAddr = 0xE00FF003
 
Target info:
------------
Device: STM32F103VE
VTarget = 3.235V
State of Pins: 
TCK: 0, TDI: 1, TDO: 0, TMS: 1, TRES: 1, TRST: 1
Hardware-Breakpoints: 6
Software-Breakpoints: 8192
Watchpoints:          4
JTAG speed: 2000 kHz
 
No Algorithm found for: 08000000H - 08003D97H
Erase skipped!
Build target 'NEW_TEMP'
linking...
Program Size: Code=11700 RO-data=2020 RW-data=2088 ZI-data=1048  
FromELF: creating hex file...
".\Output\STM32_PRO.axf" - 0 Errors, 0 Warning(s).
Load "C:\\Users\\Xiaodeng\\Desktop\\newtemplate\\Projet\\Output\\STM32_PRO.axf" 
Set JLink Project File to "C:\Users\Xiaodeng\Desktop\newtemplate\Projet\JLinkSettings.ini"
* JLink Info: Device "STM32F103VE" selected (512 KB flash, 64 KB RAM).
 
JLink info:
------------
DLL: V4.58a, compiled Dec  5 2012 18:38:08
Firmware: J-Link ARM V8 compiled Nov 25 2013 19:20:08
Hardware: V8.00
S/N : 799713843 
Feature(s) : RDI,FlashDL,FlashBP,JFlash,GDBFULL 
 
* JLink Info: Found SWD-DP with ID 0x1BA01477
* JLink Info: Found SWD-DP with ID 0x1BA01477
* JLink Info: TPIU fitted.
* JLink Info: FPUnit: 6 code (BP) slots and 2 literal slots
* JLink Info: Found Cortex-M3 r1p1, Little endian.
ROMTableAddr = 0xE00FF003
 
Target info:
------------
Device: STM32F103VE
VTarget = 3.235V
State of Pins: 
TCK: 0, TDI: 1, TDO: 0, TMS: 1, TRES: 1, TRST: 1
Hardware-Breakpoints: 6
Software-Breakpoints: 8192
Watchpoints:          4
JTAG speed: 2000 kHz
 
Erase Done.
Programming Failed!
compiling Optical_Flow.c...
"..\APP\Optical_Flow.c" - 0 Errors, 0 Warning(s).
Build target 'NEW_TEMP'
linking...
Program Size: Code=11700 RO-data=2020 RW-data=2088 ZI-data=1048  
FromELF: creating hex file...
".\Output\STM32_PRO.axf" - 0 Errors, 0 Warning(s).
Load "C:\\Users\\Xiaodeng\\Desktop\\newtemplate\\Projet\\Output\\STM32_PRO.axf" 
Set JLink Project File to "C:\Users\Xiaodeng\Desktop\newtemplate\Projet\JLinkSettings.ini"
* JLink Info: Device "STM32F103VE" selected (512 KB flash, 64 KB RAM).
 
JLink info:
------------
DLL: V4.58a, compiled Dec  5 2012 18:38:08
Firmware: J-Link ARM V8 compiled Nov 25 2013 19:20:08
Hardware: V8.00
S/N : 799713843 
Feature(s) : RDI,FlashDL,FlashBP,JFlash,GDBFULL 
 
* JLink Info: Found SWD-DP with ID 0x1BA01477
* JLink Info: Found SWD-DP with ID 0x1BA01477
* JLink Info: TPIU fitted.
* JLink Info: FPUnit: 6 code (BP) slots and 2 literal slots
* JLink Info: Found Cortex-M3 r1p1, Little endian.
ROMTableAddr = 0xE00FF003
 
Target info:
------------
Device: STM32F103VE
VTarget = 3.235V
State of Pins: 
TCK: 0, TDI: 1, TDO: 0, TMS: 1, TRES: 1, TRST: 1
Hardware-Breakpoints: 6
Software-Breakpoints: 8192
Watchpoints:          4
JTAG speed: 2000 kHz
 
Full Chip Erase Done.
Programming Done.
Verify OK.
Application running ...
compiling usart.c...
"..\BSP\usart.c" - 0 Errors, 0 Warning(s).
Build target 'NEW_TEMP'
linking...
Program Size: Code=11700 RO-data=2020 RW-data=2088 ZI-data=1048  
FromELF: creating hex file...
".\Output\STM32_PRO.axf" - 0 Errors, 0 Warning(s).
Load "C:\\Users\\Xiaodeng\\Desktop\\newtemplate\\Projet\\Output\\STM32_PRO.axf" 
Set JLink Project File to "C:\Users\Xiaodeng\Desktop\newtemplate\Projet\JLinkSettings.ini"
* JLink Info: Device "STM32F103VE" selected (512 KB flash, 64 KB RAM).
 
JLink info:
------------
DLL: V4.58a, compiled Dec  5 2012 18:38:08
Firmware: J-Link ARM V8 compiled Nov 25 2013 19:20:08
Hardware: V8.00
S/N : 799713843 
Feature(s) : RDI,FlashDL,FlashBP,JFlash,GDBFULL 
 
* JLink Info: Found SWD-DP with ID 0x1BA01477
* JLink Info: Found SWD-DP with ID 0x1BA01477
* JLink Info: TPIU fitted.
* JLink Info: FPUnit: 6 code (BP) slots and 2 literal slots
* JLink Info: Found Cortex-M3 r1p1, Little endian.
ROMTableAddr = 0xE00FF003
 
Target info:
------------
Device: STM32F103VE
VTarget = 3.241V
State of Pins: 
TCK: 0, TDI: 1, TDO: 0, TMS: 1, TRES: 1, TRST: 1
Hardware-Breakpoints: 6
Software-Breakpoints: 8192
Watchpoints:          4
JTAG speed: 2000 kHz
 
Full Chip Erase Done.
Programming Done.
Verify OK.
Application running ...
Build target 'NEW_TEMP'
compiling ADNS3080.c...
..\BSP\ADNS3080.c(76): warning:  #550-D: variable "status" was set but never used
..\BSP\ADNS3080.c(94): warning:  #550-D: variable "status" was set but never used
..\BSP\ADNS3080.c(466): warning:  #177-D: variable "firstpixel" was declared but never referenced
compiling OLED_MWC.c...
compiling usart.c...
compiling Optical_Flow.c...
compiling Transmit.c...
compiling main.c...
linking...
Program Size: Code=11700 RO-data=2020 RW-data=2088 ZI-data=1048  
FromELF: creating hex file...
".\Output\STM32_PRO.axf" - 0 Errors, 3 Warning(s).
Build target 'NEW_TEMP'
compiling usart.c...
linking...
Program Size: Code=11700 RO-data=2020 RW-data=2088 ZI-data=1048  
FromELF: creating hex file...
".\Output\STM32_PRO.axf" - 0 Errors, 0 Warning(s).
Load "C:\\Users\\Xiaodeng\\Desktop\\newtemplate\\Projet\\Output\\STM32_PRO.axf" 
Set JLink Project File to "C:\Users\Xiaodeng\Desktop\newtemplate\Projet\JLinkSettings.ini"
* JLink Info: Device "STM32F103VE" selected (512 KB flash, 64 KB RAM).
 
JLink info:
------------
DLL: V4.58a, compiled Dec  5 2012 18:38:08
Firmware: J-Link ARM V8 compiled Nov 25 2013 19:20:08
Hardware: V8.00
S/N : 799713843 
Feature(s) : RDI,FlashDL,FlashBP,JFlash,GDBFULL 
 
* JLink Info: Found SWD-DP with ID 0x1BA01477
* JLink Info: Found SWD-DP with ID 0x1BA01477
* JLink Info: TPIU fitted.
* JLink Info: FPUnit: 6 code (BP) slots and 2 literal slots
* JLink Info: Found Cortex-M3 r1p1, Little endian.
ROMTableAddr = 0xE00FF003
 
Target info:
------------
Device: STM32F103VE
VTarget = 3.241V
State of Pins: 
TCK: 0, TDI: 1, TDO: 0, TMS: 1, TRES: 1, TRST: 1
Hardware-Breakpoints: 6
Software-Breakpoints: 8192
Watchpoints:          4
JTAG speed: 2000 kHz
 
Full Chip Erase Done.
Programming Done.
Verify OK.
Application running ...
Build target 'NEW_TEMP'
compiling spi.c...
linking...
Program Size: Code=11700 RO-data=2020 RW-data=2088 ZI-data=1048  
FromELF: creating hex file...
".\Output\STM32_PRO.axf" - 0 Errors, 0 Warning(s).
Build target 'NEW_TEMP'
compiling ADNS3080.c...
..\BSP\ADNS3080.c(76): warning:  #550-D: variable "status" was set but never used
..\BSP\ADNS3080.c(94): warning:  #550-D: variable "status" was set but never used
..\BSP\ADNS3080.c(304): warning:  #940-D: missing return statement at end of non-void function "ADNS3080_DownloadSROM"
..\BSP\ADNS3080.c(289): warning:  #177-D: variable "i" was declared but never referenced
..\BSP\ADNS3080.c(369): warning:  #177-D: variable "i" was declared but never referenced
..\BSP\ADNS3080.c(469): warning:  #177-D: variable "firstpixel" was declared but never referenced
linking...
Program Size: Code=11736 RO-data=2020 RW-data=2088 ZI-data=1048  
FromELF: creating hex file...
".\Output\STM32_PRO.axf" - 0 Errors, 6 Warning(s).
Build target 'NEW_TEMP'
compiling ADNS3080.c...
..\BSP\ADNS3080.c(76): warning:  #550-D: variable "status" was set but never used
..\BSP\ADNS3080.c(94): warning:  #550-D: variable "status" was set but never used
..\BSP\ADNS3080.c(303): warning:  #940-D: missing return statement at end of non-void function "ADNS3080_DownloadSROM"
..\BSP\ADNS3080.c(368): warning:  #177-D: variable "i" was declared but never referenced
..\BSP\ADNS3080.c(468): warning:  #177-D: variable "firstpixel" was declared but never referenced
linking...
Program Size: Code=11736 RO-data=2020 RW-data=2088 ZI-data=1048  
FromELF: creating hex file...
".\Output\STM32_PRO.axf" - 0 Errors, 5 Warning(s).
Load "C:\\Users\\Xiaodeng\\Desktop\\newtemplate\\Projet\\Output\\STM32_PRO.axf" 
Set JLink Project File to "C:\Users\Xiaodeng\Desktop\newtemplate\Projet\JLinkSettings.ini"
* JLink Info: Device "STM32F103VE" selected (512 KB flash, 64 KB RAM).
 
JLink info:
------------
DLL: V4.58a, compiled Dec  5 2012 18:38:08
Firmware: J-Link ARM V8 compiled Nov 25 2013 19:20:08
Hardware: V8.00
S/N : 799713843 
Feature(s) : RDI,FlashDL,FlashBP,JFlash,GDBFULL 
 
* JLink Info: Found SWD-DP with ID 0x1BA01477
* JLink Info: Found SWD-DP with ID 0x1BA01477
* JLink Info: TPIU fitted.
* JLink Info: FPUnit: 6 code (BP) slots and 2 literal slots
* JLink Info: Found Cortex-M3 r1p1, Little endian.
ROMTableAddr = 0xE00FF003
 
Target info:
------------
Device: STM32F103VE
VTarget = 3.241V
State of Pins: 
TCK: 0, TDI: 1, TDO: 0, TMS: 1, TRES: 1, TRST: 1
Hardware-Breakpoints: 6
Software-Breakpoints: 8192
Watchpoints:          4
JTAG speed: 2000 kHz
 
Full Chip Erase Done.
Programming Done.
Verify OK.
Application running ...
Build target 'NEW_TEMP'
compiling ADNS3080.c...
..\BSP\ADNS3080.c(76): warning:  #550-D: variable "status" was set but never used
..\BSP\ADNS3080.c(94): warning:  #550-D: variable "status" was set but never used
..\BSP\ADNS3080.c(303): warning:  #940-D: missing return statement at end of non-void function "ADNS3080_DownloadSROM"
..\BSP\ADNS3080.c(368): warning:  #177-D: variable "i" was declared but never referenced
..\BSP\ADNS3080.c(468): warning:  #177-D: variable "firstpixel" was declared but never referenced
compiling Optical_Flow.c...
compiling main.c...
linking...
Program Size: Code=11724 RO-data=2020 RW-data=2088 ZI-data=1048  
FromELF: creating hex file...
".\Output\STM32_PRO.axf" - 0 Errors, 5 Warning(s).
Build target 'NEW_TEMP'
compiling ADNS3080.c...
..\BSP\ADNS3080.c(76): warning:  #550-D: variable "status" was set but never used
..\BSP\ADNS3080.c(94): warning:  #550-D: variable "status" was set but never used
..\BSP\ADNS3080.c(303): warning:  #940-D: missing return statement at end of non-void function "ADNS3080_DownloadSROM"
..\BSP\ADNS3080.c(368): warning:  #177-D: variable "i" was declared but never referenced
..\BSP\ADNS3080.c(468): warning:  #177-D: variable "firstpixel" was declared but never referenced
compiling Optical_Flow.c...
compiling main.c...
linking...
Program Size: Code=11676 RO-data=2020 RW-data=2088 ZI-data=1048  
FromELF: creating hex file...
".\Output\STM32_PRO.axf" - 0 Errors, 5 Warning(s).
compiling ADNS3080.c...
..\BSP\ADNS3080.c(76): warning:  #550-D: variable "status" was set but never used
..\BSP\ADNS3080.c(94): warning:  #550-D: variable "status" was set but never used
..\BSP\ADNS3080.c(468): warning:  #177-D: variable "firstpixel" was declared but never referenced
"..\BSP\ADNS3080.c" - 0 Errors, 3 Warning(s).
Build target 'NEW_TEMP'
linking...
Program Size: Code=11676 RO-data=2020 RW-data=2088 ZI-data=1048  
FromELF: creating hex file...
".\Output\STM32_PRO.axf" - 0 Errors, 0 Warning(s).
Load "C:\\Users\\Xiaodeng\\Desktop\\newtemplate\\Projet\\Output\\STM32_PRO.axf" 
Set JLink Project File to "C:\Users\Xiaodeng\Desktop\newtemplate\Projet\JLinkSettings.ini"
* JLink Info: Device "STM32F103VE" selected (512 KB flash, 64 KB RAM).
 
JLink info:
------------
DLL: V4.58a, compiled Dec  5 2012 18:38:08
Firmware: J-Link ARM V8 compiled Nov 25 2013 19:20:08
Hardware: V8.00
S/N : 799713843 
Feature(s) : RDI,FlashDL,FlashBP,JFlash,GDBFULL 
 
* JLink Info: Found SWD-DP with ID 0x1BA01477
* JLink Info: Found SWD-DP with ID 0x1BA01477
* JLink Info: TPIU fitted.
* JLink Info: FPUnit: 6 code (BP) slots and 2 literal slots
* JLink Info: Found Cortex-M3 r1p1, Little endian.
ROMTableAddr = 0xE00FF003
 
Target info:
------------
Device: STM32F103VE
VTarget = 3.241V
State of Pins: 
TCK: 0, TDI: 1, TDO: 0, TMS: 1, TRES: 1, TRST: 1
Hardware-Breakpoints: 6
Software-Breakpoints: 8192
Watchpoints:          4
JTAG speed: 2000 kHz
 
Full Chip Erase Done.
Programming Done.
Verify OK.
Application running ...
Build target 'NEW_TEMP'
compiling 24l01.c...
..\BSP\24l01.c(37): warning:  #223-D: function "SPIx_Init" declared implicitly
..\BSP\24l01.c(48): warning:  #223-D: function "SPIx_SetSpeed" declared implicitly
..\BSP\24l01.c(63): warning:  #223-D: function "SPIx_ReadWriteByte" declared implicitly
..\BSP\24l01.c(75): warning:  #223-D: function "SPIx_ReadWriteByte" declared implicitly
..\BSP\24l01.c(90): warning:  #223-D: function "SPIx_ReadWriteByte" declared implicitly
..\BSP\24l01.c(105): warning:  #223-D: function "SPIx_ReadWriteByte" declared implicitly
..\BSP\24l01.c(117): warning:  #223-D: function "SPIx_SetSpeed" declared implicitly
..\BSP\24l01.c(142): warning:  #223-D: function "SPIx_SetSpeed" declared implicitly
compiling ADNS3080.c...
..\BSP\ADNS3080.c(79): warning:  #223-D: function "SPIx_ReadWriteByte" declared implicitly
..\BSP\ADNS3080.c(76): warning:  #550-D: variable "status" was set but never used
..\BSP\ADNS3080.c(98): warning:  #223-D: function "SPIx_ReadWriteByte" declared implicitly
..\BSP\ADNS3080.c(94): warning:  #550-D: variable "status" was set but never used
..\BSP\ADNS3080.c(119): warning:  #223-D: function "SPIx_ReadWriteByte" declared implicitly
..\BSP\ADNS3080.c(370): warning:  #223-D: function "SPIx_Init" declared implicitly
..\BSP\ADNS3080.c(468): warning:  #177-D: variable "firstpixel" was declared but never referenced
compiling spi.c...
linking...
.\Output\STM32_PRO.axf: Error: L6218E: Undefined symbol SPIx_Init (referred from 24l01.o).
.\Output\STM32_PRO.axf: Error: L6218E: Undefined symbol SPIx_ReadWriteByte (referred from 24l01.o).
.\Output\STM32_PRO.axf: Error: L6218E: Undefined symbol SPIx_SetSpeed (referred from 24l01.o).
".\Output\STM32_PRO.axf" - 3 Errors, 15 Warning(s).
Target not created
Build target 'NEW_TEMP'
compiling 24l01.c...
..\BSP\24l01.c(6): error:  #20: identifier "TX_ADR_WIDTH" is undefined
..\BSP\24l01.c(7): error:  #20: identifier "RX_ADR_WIDTH" is undefined
..\BSP\24l01.c(20): error:  #20: identifier "NRF24L01_CE_PIN" is undefined
..\BSP\24l01.c(23): error:  #20: identifier "NRF24L01_CE_PORT" is undefined
..\BSP\24l01.c(24): error:  #20: identifier "Clr_NRF24L01_CE" is undefined
..\BSP\24l01.c(26): error:  #20: identifier "NRF24L01_CSN_PIN" is undefined
..\BSP\24l01.c(29): error:  #20: identifier "NRF24L01_CSN_PORT" is undefined
..\BSP\24l01.c(30): error:  #20: identifier "Set_NRF24L01_CSN" is undefined
..\BSP\24l01.c(32): error:  #20: identifier "NRF24L01_IRQ_PIN" is undefined
..\BSP\24l01.c(35): error:  #20: identifier "NRF24L01_IRQ_PORT" is undefined
..\BSP\24l01.c(36): warning:  #223-D: function "SPIx_Init" declared implicitly
..\BSP\24l01.c(47): warning:  #223-D: function "SPIx_SetSpeed" declared implicitly
..\BSP\24l01.c(48): warning:  #223-D: function "NRF24L01_Write_Buf" declared implicitly
..\BSP\24l01.c(48): error:  #20: identifier "NRF24L01_WRITE_REG" is undefined
..\BSP\24l01.c(48): error:  #20: identifier "TX_ADDR" is undefined
..\BSP\24l01.c(49): warning:  #223-D: function "NRF24L01_Read_Buf" declared implicitly
..\BSP\24l01.c(61): error:  #20: identifier "Clr_NRF24L01_CSN" is undefined
..\BSP\24l01.c(62): warning:  #223-D: function "SPIx_ReadWriteByte" declared implicitly
..\BSP\24l01.c(64): error:  #20: identifier "Set_NRF24L01_CSN" is undefined
..\BSP\24l01.c(73): error:  #20: identifier "Clr_NRF24L01_CSN" is undefined
..\BSP\24l01.c(74): warning:  #223-D: function "SPIx_ReadWriteByte" declared implicitly
..\BSP\24l01.c(76): error:  #20: identifier "Set_NRF24L01_CSN" is undefined
..\BSP\24l01.c(85): error:  #159: declaration is incompatible with previous "NRF24L01_Read_Buf" (declared at line 49)
..\BSP\24l01.c(88): error:  #20: identifier "Clr_NRF24L01_CSN" is undefined
..\BSP\24l01.c(89): warning:  #223-D: function "SPIx_ReadWriteByte" declared implicitly
..\BSP\24l01.c(91): error:  #20: identifier "Set_NRF24L01_CSN" is undefined
..\BSP\24l01.c(100): error:  #159: declaration is incompatible with previous "NRF24L01_Write_Buf" (declared at line 48)
..\BSP\24l01.c(103): error:  #20: identifier "Clr_NRF24L01_CSN" is undefined
..\BSP\24l01.c(104): warning:  #223-D: function "SPIx_ReadWriteByte" declared implicitly
..\BSP\24l01.c(106): error:  #20: identifier "Set_NRF24L01_CSN" is undefined
..\BSP\24l01.c(116): warning:  #223-D: function "SPIx_SetSpeed" declared implicitly
..\BSP\24l01.c(117): error:  #20: identifier "Clr_NRF24L01_CE" is undefined
..\BSP\24l01.c(118): error:  #20: identifier "NRF24L01_WR_TX_PLOAD" is undefined
..\BSP\24l01.c(118): error:  #20: identifier "TX_PLOAD_WIDTH" is undefined
..\BSP\24l01.c(119): error:  #20: identifier "Set_NRF24L01_CE" is undefined
..\BSP\24l01.c(120): error:  #20: identifier "NRF24L01_IRQ" is undefined
..\BSP\24l01.c(121): error:  #20: identifier "STATUS" is undefined
..\BSP\24l01.c(122): error:  #20: identifier "NRF24L01_WRITE_REG" is undefined
..\BSP\24l01.c(123): error:  #20: identifier "MAX_TX" is undefined
".\Output\STM32_PRO.axf" - 30 Errors, 9 Warning(s).
Target not created
Build target 'NEW_TEMP'
linking...
.\Output\STM32_PRO.axf: Error: L6218E: Undefined symbol SPIx_Init (referred from adns3080.o).
.\Output\STM32_PRO.axf: Error: L6218E: Undefined symbol SPIx_ReadWriteByte (referred from adns3080.o).
".\Output\STM32_PRO.axf" - 2 Errors, 0 Warning(s).
Target not created
Build target 'NEW_TEMP'
compiling ADNS3080.c...
..\BSP\ADNS3080.c(76): warning:  #550-D: variable "status" was set but never used
..\BSP\ADNS3080.c(94): warning:  #550-D: variable "status" was set but never used
..\BSP\ADNS3080.c(468): warning:  #177-D: variable "firstpixel" was declared but never referenced
linking...
Program Size: Code=12080 RO-data=2020 RW-data=2088 ZI-data=1048  
FromELF: creating hex file...
".\Output\STM32_PRO.axf" - 0 Errors, 3 Warning(s).
Build target 'NEW_TEMP'
compiling ADNS3080.c...
..\BSP\ADNS3080.c(76): warning:  #550-D: variable "status" was set but never used
..\BSP\ADNS3080.c(94): warning:  #550-D: variable "status" was set but never used
linking...
Program Size: Code=12076 RO-data=2020 RW-data=2088 ZI-data=1048  
FromELF: creating hex file...
".\Output\STM32_PRO.axf" - 0 Errors, 2 Warning(s).
