ARM Linker, 5.03 [Build 76] [MDK-ARM Standard]

==============================================================================

Section Cross References

    startup_stm32f10x_hd.o(RESET) refers to startup_stm32f10x_hd.o(.text) for Reset_Handler
    startup_stm32f10x_hd.o(RESET) refers to stm32f10x_it.o(.text) for NMI_Handler
    startup_stm32f10x_hd.o(RESET) refers to os_cpu_a.o(.text) for PendSV_Handler
    startup_stm32f10x_hd.o(RESET) refers to usart.o(.text) for DMA1_Channel5_IRQHandler
    startup_stm32f10x_hd.o(RESET) refers to exti.o(.text) for EXTI9_5_IRQHandler
    startup_stm32f10x_hd.o(RESET) refers to timer_pwmin.o(.text) for TIM2_IRQHandler
    startup_stm32f10x_hd.o(.text) refers to startup_stm32f10x_hd.o(STACK) for __initial_sp
    startup_stm32f10x_hd.o(.text) refers to entry.o(.ARM.Collect$$$$00000000) for __main
    stm32f10x_gpio.o(.text) refers to stm32f10x_rcc.o(.text) for RCC_APB2PeriphResetCmd
    stm32f10x_rcc.o(.text) refers to stm32f10x_rcc.o(.data) for APBAHBPrescTable
    stm32f10x_spi.o(.text) refers to stm32f10x_rcc.o(.text) for RCC_APB2PeriphResetCmd
    stm32f10x_usart.o(.text) refers to stm32f10x_rcc.o(.text) for RCC_APB2PeriphResetCmd
    stm32f10x_i2c.o(.text) refers to stm32f10x_rcc.o(.text) for RCC_APB1PeriphResetCmd
    stm32f10x_tim.o(.text) refers to stm32f10x_rcc.o(.text) for RCC_APB2PeriphResetCmd
    bsp.o(.text) refers to system_stm32f10x.o(.text) for SystemInit
    bsp.o(.text) refers to led.o(.text) for LED_BUTTON_GPIO_Config
    bsp.o(.text) refers to stm32f10x_gpio.o(.text) for GPIO_ResetBits
    bsp.o(.text) refers to systick.o(.text) for Delay_ms
    bsp.o(.text) refers to usart.o(.text) for UART4_Config
    bsp.o(.text) refers to timer_pwmout.o(.text) for TIM1_GPIO_Config
    bsp.o(.text) refers to i2c_1.o(.text) for My_I2C_Init
    bsp.o(.text) refers to timer_pwmin.o(.text) for TIM2_PWMIN_GPIOInit
    bsp.o(.text) refers to 24l01.o(.text) for NRF24L01_Init
    bsp.o(.text) refers to exti.o(.text) for EXTI_PC5_24L01_Init
    bsp.o(.text) refers to system_stm32f10x.o(.constdata) for SystemFrequency
    i2c_1.o(.text) refers to stm32f10x_rcc.o(.text) for RCC_APB2PeriphClockCmd
    i2c_1.o(.text) refers to stm32f10x_gpio.o(.text) for GPIO_PinRemapConfig
    i2c_1.o(.text) refers to stm32f10x_i2c.o(.text) for I2C_DeInit
    spi.o(.text) refers to stm32f10x_rcc.o(.text) for RCC_APB2PeriphClockCmd
    spi.o(.text) refers to stm32f10x_gpio.o(.text) for GPIO_Init
    spi.o(.text) refers to stm32f10x_spi.o(.text) for SPI_Init
    usart.o(.text) refers to misc.o(.text) for NVIC_PriorityGroupConfig
    usart.o(.text) refers to stm32f10x_rcc.o(.text) for RCC_AHBPeriphClockCmd
    usart.o(.text) refers to stm32f10x_dma.o(.text) for DMA_DeInit
    usart.o(.text) refers to stm32f10x_gpio.o(.text) for GPIO_PinRemapConfig
    usart.o(.text) refers to stm32f10x_usart.o(.text) for USART_Init
    usart.o(.text) refers to transmit.o(.text) for PakRev_BufHandle
    usart.o(.text) refers to usart.o(.bss) for DMA_InitStructure
    usart.o(.text) refers to transmit.o(.bss) for Recvbuf
    usart.o(.text) refers to usart.o(.data) for DebugData
    systick.o(.text) refers to system_stm32f10x.o(.constdata) for SystemFrequency
    systick.o(.text) refers to systick.o(.data) for TimingDelay
    exti.o(.text) refers to stm32f10x_rcc.o(.text) for RCC_APB2PeriphClockCmd
    exti.o(.text) refers to stm32f10x_gpio.o(.text) for GPIO_Init
    exti.o(.text) refers to stm32f10x_exti.o(.text) for EXTI_Init
    exti.o(.text) refers to misc.o(.text) for NVIC_Init
    exti.o(.text) refers to comprotocol.o(.text) for RC_Handle
    exti.o(.text) refers to mpu.o(.text) for MPUDataRead
    exti.o(.text) refers to hmc5883.o(.text) for HMC5883L_MultRead
    exti.o(.text) refers to comprotocol.o(.data) for RevFinish
    exti.o(.text) refers to hmc5883.o(.data) for hmc5883l
    timer_pwmin.o(.text) refers to misc.o(.text) for NVIC_PriorityGroupConfig
    timer_pwmin.o(.text) refers to stm32f10x_rcc.o(.text) for RCC_APB2PeriphClockCmd
    timer_pwmin.o(.text) refers to stm32f10x_gpio.o(.text) for GPIO_Init
    timer_pwmin.o(.text) refers to stm32f10x_tim.o(.text) for TIM_DeInit
    timer_pwmin.o(.text) refers to timer_pwmin.o(.data) for TIM2_Cap1STA
    timer_pwmout.o(.text) refers to stm32f10x_rcc.o(.text) for RCC_APB2PeriphClockCmd
    timer_pwmout.o(.text) refers to stm32f10x_gpio.o(.text) for GPIO_Init
    timer_pwmout.o(.text) refers to stm32f10x_tim.o(.text) for TIM_TimeBaseInit
    24l01.o(.text) refers to stm32f10x_rcc.o(.text) for RCC_APB2PeriphClockCmd
    24l01.o(.text) refers to stm32f10x_gpio.o(.text) for GPIO_Init
    24l01.o(.text) refers to spi.o(.text) for SPI1_Init
    24l01.o(.text) refers to stm32f10x_exti.o(.text) for EXTI_Init
    24l01.o(.text) refers to misc.o(.text) for NVIC_Init
    24l01.o(.text) refers to 24l01.o(.data) for TX_ADDRESS
    bmp085.o(.text) refers to i2c_1.o(.text) for IIC1_MultRead
    bmp085.o(.text) refers to printfa.o(i.__0printf) for __2printf
[...]
    SPI_I2S_ClearFlag                        0x08000f3d   Thumb Code     6  stm32f10x_spi.o(.text)
    SPI_I2S_GetITStatus                      0x08000f43   Thumb Code    52  stm32f10x_spi.o(.text)
    SPI_I2S_ClearITPendingBit                0x08000f77   Thumb Code    20  stm32f10x_spi.o(.text)
    USART_DeInit                             0x08000f91   Thumb Code   146  stm32f10x_usart.o(.text)
    USART_Init                               0x08001023   Thumb Code   150  stm32f10x_usart.o(.text)
    USART_StructInit                         0x080010b9   Thumb Code    24  stm32f10x_usart.o(.text)
    USART_ClockInit                          0x080010d1   Thumb Code    34  stm32f10x_usart.o(.text)
    USART_ClockStructInit                    0x080010f3   Thumb Code    12  stm32f10x_usart.o(.text)
    USART_Cmd                                0x080010ff   Thumb Code    24  stm32f10x_usart.o(.text)
    USART_ITConfig                           0x08001117   Thumb Code    64  stm32f10x_usart.o(.text)
    USART_DMACmd                             0x08001157   Thumb Code    18  stm32f10x_usart.o(.text)
    USART_SetAddress                         0x08001169   Thumb Code    18  stm32f10x_usart.o(.text)
    USART_WakeUpConfig                       0x0800117b   Thumb Code    18  stm32f10x_usart.o(.text)
    USART_ReceiverWakeUpCmd                  0x0800118d   Thumb Code    24  stm32f10x_usart.o(.text)
    USART_LINBreakDetectLengthConfig         0x080011a5   Thumb Code    18  stm32f10x_usart.o(.text)
    USART_LINCmd                             0x080011b7   Thumb Code    24  stm32f10x_usart.o(.text)
    USART_SendData                           0x080011cf   Thumb Code     8  stm32f10x_usart.o(.text)
    USART_ReceiveData                        0x080011d7   Thumb Code    10  stm32f10x_usart.o(.text)
    USART_SendBreak                          0x080011e1   Thumb Code    10  stm32f10x_usart.o(.text)
    USART_SetGuardTime                       0x080011eb   Thumb Code    16  stm32f10x_usart.o(.text)
    USART_SetPrescaler                       0x080011fb   Thumb Code    16  stm32f10x_usart.o(.text)
    USART_SmartCardCmd                       0x0800120b   Thumb Code    24  stm32f10x_usart.o(.text)
    USART_SmartCardNACKCmd                   0x08001223   Thumb Code    24  stm32f10x_usart.o(.text)
    USART_HalfDuplexCmd                      0x0800123b   Thumb Code    24  stm32f10x_usart.o(.text)
    USART_IrDAConfig                         0x08001253   Thumb Code    18  stm32f10x_usart.o(.text)
    USART_IrDACmd                            0x08001265   Thumb Code    24  stm32f10x_usart.o(.text)
    USART_GetFlagStatus                      0x0800127d   Thumb Code    18  stm32f10x_usart.o(.text)
    USART_ClearFlag                          0x0800128f   Thumb Code     6  stm32f10x_usart.o(.text)
    USART_GetITStatus                        0x08001295   Thumb Code    76  stm32f10x_usart.o(.text)
    USART_ClearITPendingBit                  0x080012e1   Thumb Code    20  stm32f10x_usart.o(.text)
    I2C_DeInit                               0x08001301   Thumb Code    64  stm32f10x_i2c.o(.text)
    I2C_Init                                 0x08001341   Thumb Code   222  stm32f10x_i2c.o(.text)
    I2C_StructInit                           0x0800141f   Thumb Code    30  stm32f10x_i2c.o(.text)
    I2C_Cmd                                  0x0800143d   Thumb Code    24  stm32f10x_i2c.o(.text)
    I2C_DMACmd                               0x08001455   Thumb Code    24  stm32f10x_i2c.o(.text)
    I2C_DMALastTransferCmd                   0x0800146d   Thumb Code    24  stm32f10x_i2c.o(.text)
    I2C_GenerateSTART                        0x08001485   Thumb Code    24  stm32f10x_i2c.o(.text)
    I2C_GenerateSTOP                         0x0800149d   Thumb Code    24  stm32f10x_i2c.o(.text)
    I2C_AcknowledgeConfig                    0x080014b5   Thumb Code    24  stm32f10x_i2c.o(.text)
    I2C_OwnAddress2Config                    0x080014cd   Thumb Code    22  stm32f10x_i2c.o(.text)
    I2C_DualAddressCmd                       0x080014e3   Thumb Code    24  stm32f10x_i2c.o(.text)
    I2C_GeneralCallCmd                       0x080014fb   Thumb Code    24  stm32f10x_i2c.o(.text)
    I2C_ITConfig                             0x08001513   Thumb Code    18  stm32f10x_i2c.o(.text)
    I2C_SendData                             0x08001525   Thumb Code     4  stm32f10x_i2c.o(.text)
    I2C_ReceiveData                          0x08001529   Thumb Code     8  stm32f10x_i2c.o(.text)
    I2C_Send7bitAddress                      0x08001531   Thumb Code    18  stm32f10x_i2c.o(.text)
    I2C_ReadRegister                         0x08001543   Thumb Code     6  stm32f10x_i2c.o(.text)
    I2C_SoftwareResetCmd                     0x08001549   Thumb Code    22  stm32f10x_i2c.o(.text)
    I2C_SMBusAlertConfig                     0x0800155f   Thumb Code    28  stm32f10x_i2c.o(.text)
    I2C_TransmitPEC                          0x0800157b   Thumb Code    24  stm32f10x_i2c.o(.text)
    I2C_PECPositionConfig                    0x08001593   Thumb Code    28  stm32f10x_i2c.o(.text)
    I2C_CalculatePEC                         0x080015af   Thumb Code    24  stm32f10x_i2c.o(.text)
    I2C_GetPEC                               0x080015c7   Thumb Code     8  stm32f10x_i2c.o(.text)
    I2C_ARPCmd                               0x080015cf   Thumb Code    24  stm32f10x_i2c.o(.text)
    I2C_StretchClockCmd                      0x080015e7   Thumb Code    24  stm32f10x_i2c.o(.text)
    I2C_FastModeDutyCycleConfig              0x080015ff   Thumb Code    28  stm32f10x_i2c.o(.text)
    I2C_GetLastEvent                         0x0800161b   Thumb Code    26  stm32f10x_i2c.o(.text)
    I2C_CheckEvent                           0x08001635   Thumb Code    38  stm32f10x_i2c.o(.text)
    I2C_GetFlagStatus                        0x0800165b   Thumb Code    58  stm32f10x_i2c.o(.text)
    I2C_ClearFlag                            0x08001695   Thumb Code    12  stm32f10x_i2c.o(.text)
    I2C_GetITStatus                          0x080016a1   Thumb Code    38  stm32f10x_i2c.o(.text)
    I2C_ClearITPendingBit                    0x080016c7   Thumb Code    12  stm32f10x_i2c.o(.text)
    EXTI_DeInit                              0x080016e5   Thumb Code    28  stm32f10x_exti.o(.text)
    EXTI_Init                                0x08001701   Thumb Code   150  stm32f10x_exti.o(.text)
    EXTI_StructInit                          0x08001797   Thumb Code    16  stm32f10x_exti.o(.text)
    EXTI_GenerateSWInterrupt                 0x080017a7   Thumb Code    16  stm32f10x_exti.o(.text)
    EXTI_GetFlagStatus                       0x080017b7   Thumb Code    22  stm32f10x_exti.o(.text)
    EXTI_ClearFlag                           0x080017cd   Thumb Code     8  stm32f10x_exti.o(.text)
    EXTI_GetITStatus                         0x080017d5   Thumb Code    34  stm32f10x_exti.o(.text)
    EXTI_ClearITPendingBit                   0x080017f7   Thumb Code     8  stm32f10x_exti.o(.text)
    TIM_DeInit                               0x08001809   Thumb Code   214  stm32f10x_tim.o(.text)
    TIM_TimeBaseInit                         0x080018df   Thumb Code    50  stm32f10x_tim.o(.text)
    TIM_OC1Init                              0x08001911   Thumb Code   110  stm32f10x_tim.o(.text)
    TIM_OC2Init                              0x0800197f   Thumb Code   148  stm32f10x_tim.o(.text)
    TIM_OC3Init                              0x08001a13   Thumb Code   144  stm32f10x_tim.o(.text)
    TIM_OC4Init                              0x08001aa3   Thumb Code   106  stm32f10x_tim.o(.text)
    TIM_SetIC4Prescaler                      0x08001b0d   Thumb Code    26  stm32f10x_tim.o(.text)
    TIM_SetIC3Prescaler                      0x08001b79   Thumb Code    18  stm32f10x_tim.o(.text)
    TIM_SetIC2Prescaler                      0x08001bd3   Thumb Code    42  stm32f10x_tim.o(.text)
    TIM_SetIC1Prescaler                      0x08001c4d   Thumb Code    18  stm32f10x_tim.o(.text)
    TIM_ICInit                               0x08001c97   Thumb Code   110  stm32f10x_tim.o(.text)
    TIM_PWMIConfig                           0x08001d05   Thumb Code   124  stm32f10x_tim.o(.text)
    TIM_BDTRConfig                           0x08001d81   Thumb Code    32  stm32f10x_tim.o(.text)
    TIM_TimeBaseStructInit                   0x08001da1   Thumb Code    18  stm32f10x_tim.o(.text)
    TIM_OCStructInit                         0x08001db3   Thumb Code    20  stm32f10x_tim.o(.text)
    TIM_ICStructInit                         0x08001dc7   Thumb Code    18  stm32f10x_tim.o(.text)
    TIM_BDTRStructInit                       0x08001dd9   Thumb Code    18  stm32f10x_tim.o(.text)
    TIM_Cmd                                  0x08001deb   Thumb Code    24  stm32f10x_tim.o(.text)
    TIM_CtrlPWMOutputs                       0x08001e03   Thumb Code    30  stm32f10x_tim.o(.text)
    TIM_ITConfig                             0x08001e21   Thumb Code    18  stm32f10x_tim.o(.text)
    TIM_GenerateEvent                        0x08001e33   Thumb Code     4  stm32f10x_tim.o(.text)
    TIM_DMAConfig                            0x08001e37   Thumb Code    10  stm32f10x_tim.o(.text)
    TIM_DMACmd                               0x08001e41   Thumb Code    18  stm32f10x_tim.o(.text)
    TIM_InternalClockConfig                  0x08001e53   Thumb Code    12  stm32f10x_tim.o(.text)
    TIM_SelectInputTrigger                   0x08001e5f   Thumb Code    18  stm32f10x_tim.o(.text)
    TIM_ITRxExternalClockConfig              0x08001e71   Thumb Code    24  stm32f10x_tim.o(.text)
    TIM_TIxExternalClockConfig               0x08001e89   Thumb Code    62  stm32f10x_tim.o(.text)
    TIM_ETRConfig                            0x08001ec7   Thumb Code    30  stm32f10x_tim.o(.text)
    TIM_ETRClockMode1Config                  0x08001ee5   Thumb Code    54  stm32f10x_tim.o(.text)
    TIM_ETRClockMode2Config                  0x08001f1b   Thumb Code    32  stm32f10x_tim.o(.text)
    TIM_PrescalerConfig                      0x08001f3b   Thumb Code     6  stm32f10x_tim.o(.text)
    TIM_CounterModeConfig                    0x08001f41   Thumb Code    18  stm32f10x_tim.o(.text)
    TIM_EncoderInterfaceConfig               0x08001f53   Thumb Code    66  stm32f10x_tim.o(.text)
    TIM_ForcedOC1Config                      0x08001f95   Thumb Code    18  stm32f10x_tim.o(.text)
    TIM_ForcedOC2Config                      0x08001fa7   Thumb Code    26  stm32f10x_tim.o(.text)
    TIM_ForcedOC3Config                      0x08001fc1   Thumb Code    18  stm32f10x_tim.o(.text)
    TIM_ForcedOC4Config                      0x08001fd3   Thumb Code    26  stm32f10x_tim.o(.text)
    TIM_ARRPreloadConfig                     0x08001fed   Thumb Code    24  stm32f10x_tim.o(.text)
    TIM_SelectCOM                            0x08002005   Thumb Code    24  stm32f10x_tim.o(.text)
    TIM_SelectCCDMA                          0x0800201d   Thumb Code    24  stm32f10x_tim.o(.text)
    TIM_CCPreloadControl                     0x08002035   Thumb Code    24  stm32f10x_tim.o(.text)
    TIM_OC1PreloadConfig                     0x0800204d   Thumb Code    18  stm32f10x_tim.o(.text)
    TIM_OC2PreloadConfig                     0x0800205f   Thumb Code    26  stm32f10x_tim.o(.text)
    TIM_OC3PreloadConfig                     0x08002079   Thumb Code    18  stm32f10x_tim.o(.text)
    TIM_OC4PreloadConfig                     0x0800208b   Thumb Code    26  stm32f10x_tim.o(.text)
    TIM_OC1FastConfig                        0x080020a5   Thumb Code    18  stm32f10x_tim.o(.text)
    TIM_OC2FastConfig                        0x080020b7   Thumb Code    26  stm32f10x_tim.o(.text)
    TIM_OC3FastConfig                        0x080020d1   Thumb Code    18  stm32f10x_tim.o(.text)
    TIM_OC4FastConfig                        0x080020e3   Thumb Code    26  stm32f10x_tim.o(.text)
    TIM_ClearOC1Ref                          0x080020fd   Thumb Code    18  stm32f10x_tim.o(.text)
    TIM_ClearOC2Ref                          0x0800210f   Thumb Code    24  stm32f10x_tim.o(.text)
    TIM_ClearOC3Ref                          0x08002127   Thumb Code    18  stm32f10x_tim.o(.text)
    TIM_ClearOC4Ref                          0x08002139   Thumb Code    24  stm32f10x_tim.o(.text)
    TIM_OC1PolarityConfig                    0x08002151   Thumb Code    18  stm32f10x_tim.o(.text)
    TIM_OC1NPolarityConfig                   0x08002163   Thumb Code    18  stm32f10x_tim.o(.text)
    TIM_OC2PolarityConfig                    0x08002175   Thumb Code    26  stm32f10x_tim.o(.text)
    TIM_OC2NPolarityConfig                   0x0800218f   Thumb Code    26  stm32f10x_tim.o(.text)
    TIM_OC3PolarityConfig                    0x080021a9   Thumb Code    26  stm32f10x_tim.o(.text)
    TIM_OC3NPolarityConfig                   0x080021c3   Thumb Code    26  stm32f10x_tim.o(.text)
    TIM_OC4PolarityConfig                    0x080021dd   Thumb Code    26  stm32f10x_tim.o(.text)
    TIM_CCxCmd                               0x080021f7   Thumb Code    26  stm32f10x_tim.o(.text)
    TIM_CCxNCmd                              0x08002211   Thumb Code    26  stm32f10x_tim.o(.text)
    TIM_SelectOCxM                           0x0800222b   Thumb Code   134  stm32f10x_tim.o(.text)
    TIM_UpdateDisableConfig                  0x080022b1   Thumb Code    24  stm32f10x_tim.o(.text)
    TIM_UpdateRequestConfig                  0x080022c9   Thumb Code    24  stm32f10x_tim.o(.text)
    TIM_SelectHallSensor                     0x080022e1   Thumb Code    24  stm32f10x_tim.o(.text)
    TIM_SelectOnePulseMode                   0x080022f9   Thumb Code    18  stm32f10x_tim.o(.text)
    TIM_SelectOutputTrigger                  0x0800230b   Thumb Code    18  stm32f10x_tim.o(.text)
    TIM_SelectSlaveMode                      0x0800231d   Thumb Code    18  stm32f10x_tim.o(.text)
    TIM_SelectMasterSlaveMode                0x0800232f   Thumb Code    18  stm32f10x_tim.o(.text)
    TIM_SetCounter                           0x08002341   Thumb Code     4  stm32f10x_tim.o(.text)
    TIM_SetAutoreload                        0x08002345   Thumb Code     4  stm32f10x_tim.o(.text)
    TIM_SetCompare1                          0x08002349   Thumb Code     4  stm32f10x_tim.o(.text)
    TIM_SetCompare2                          0x0800234d   Thumb Code     4  stm32f10x_tim.o(.text)
    TIM_SetCompare3                          0x08002351   Thumb Code     4  stm32f10x_tim.o(.text)
    TIM_SetCompare4                          0x08002355   Thumb Code     6  stm32f10x_tim.o(.text)
    TIM_SetClockDivision                     0x0800235b   Thumb Code    14  stm32f10x_tim.o(.text)
    TIM_GetCapture1                          0x08002369   Thumb Code     6  stm32f10x_tim.o(.text)
    TIM_GetCapture2                          0x0800236f   Thumb Code     6  stm32f10x_tim.o(.text)
    TIM_GetCapture3                          0x08002375   Thumb Code     6  stm32f10x_tim.o(.text)
    TIM_GetCapture4                          0x0800237b   Thumb Code     8  stm32f10x_tim.o(.text)
    TIM_GetCounter                           0x08002383   Thumb Code     6  stm32f10x_tim.o(.text)
    TIM_GetPrescaler                         0x08002389   Thumb Code     6  stm32f10x_tim.o(.text)
    TIM_GetFlagStatus                        0x0800238f   Thumb Code    18  stm32f10x_tim.o(.text)
    TIM_ClearFlag                            0x080023a1   Thumb Code     6  stm32f10x_tim.o(.text)
    TIM_GetITStatus                          0x080023a7   Thumb Code    34  stm32f10x_tim.o(.text)
    TIM_ClearITPendingBit                    0x080023c9   Thumb Code     6  stm32f10x_tim.o(.text)
    SysTick_init                             0x080023d1   Thumb Code    84  bsp.o(.text)
    BSP_Init                                 0x08002425   Thumb Code   172  bsp.o(.text)
    I2C_GPIO_Config                          0x080024e5   Thumb Code    48  i2c_1.o(.text)
    I2C_Mode_Config                          0x08002515   Thumb Code    72  i2c_1.o(.text)
    IIC1_WriteByte                           0x0800255d   Thumb Code   114  i2c_1.o(.text)
    IIC1_MultWrite                           0x080025cf   Thumb Code   132  i2c_1.o(.text)
    IIC1_ReadByte                            0x08002653   Thumb Code   202  i2c_1.o(.text)
    IIC1_MultRead                            0x0800271d   Thumb Code   220  i2c_1.o(.text)
    My_I2C_Init                              0x080027f9   Thumb Code    12  i2c_1.o(.text)
    SPI1_Init                                0x08002819   Thumb Code   144  spi.o(.text)
    SPI1_SetSpeed                            0x080028a9   Thumb Code   166  spi.o(.text)
    SPI1_ReadWriteByte                       0x0800294f   Thumb Code    78  spi.o(.text)
    SPI2_Init                                0x0800299d   Thumb Code   154  spi.o(.text)
    SPI2_SetSpeed                            0x08002a37   Thumb Code   166  spi.o(.text)
    SPI2_ReadWriteByte                       0x08002add   Thumb Code    78  spi.o(.text)
    USART1_NVIC_Configuration                0x08002b3d   Thumb Code    42  usart.o(.text)
    DMA1CH5_NVIC_Configuration               0x08002b67   Thumb Code    42  usart.o(.text)
    USART1_DMAConfig                         0x08002b91   Thumb Code    94  usart.o(.text)
    USART1_Config                            0x08002bef   Thumb Code   136  usart.o(.text)
    USART1_DMAConfig_Sim                     0x08002c77   Thumb Code    62  usart.o(.text)
    USART1_SendData                          0x08002cb5   Thumb Code    32  usart.o(.text)
    USART1_SendStr                           0x08002cd5   Thumb Code    28  usart.o(.text)
    USART1_IRQHandler                        0x08002cf1   Thumb Code    42  usart.o(.text)
    delay                                    0x08002d1b   Thumb Code    12  usart.o(.text)
    DMA1_Channel5_IRQHandler                 0x08002d27   Thumb Code   122  usart.o(.text)
    USART1_EnableRevDMA                      0x08002da1   Thumb Code    28  usart.o(.text)
    UART4_NVIC_Configuration                 0x08002dbd   Thumb Code    42  usart.o(.text)
    UART4_Config                             0x08002de7   Thumb Code   120  usart.o(.text)
    UART4_SendData                           0x08002e5f   Thumb Code    28  usart.o(.text)
    SendDebugDat_SSCOM32                     0x08002e7b   Thumb Code   718  usart.o(.text)
    SendDebugDat_Hunter                      0x08003149   Thumb Code    88  usart.o(.text)
    fputc                                    0x080031a1   Thumb Code    30  usart.o(.text)
    SysTick_Init                             0x080031c9   Thumb Code    92  systick.o(.text)
    delay_nus                                0x08003225   Thumb Code    26  systick.o(.text)
    Delay_ms                                 0x0800323f   Thumb Code    24  systick.o(.text)
    TimingDelay_Decrement                    0x08003257   Thumb Code    18  systick.o(.text)
    get_ms                                   0x08003269   Thumb Code     2  systick.o(.text)
    GetSystemTime                            0x0800326b   Thumb Code     6  systick.o(.text)
    EXTI_PC5_24L01_Init                      0x08003285   Thumb Code   104  exti.o(.text)
    EXTI_PC8_MPU6050_Init                    0x080032ed   Thumb Code   108  exti.o(.text)
    EXTI_PC12_HMC5883_Init                   0x08003359   Thumb Code   108  exti.o(.text)
    EXTI9_5_IRQHandler                       0x080033c5   Thumb Code    54  exti.o(.text)
    EXTI15_10_IRQHandler                     0x080033fb   Thumb Code    12  exti.o(.text)
    TIM2_NVIC_Configuration                  0x08003415   Thumb Code    42  timer_pwmin.o(.text)
    TIM3_NVIC_Configuration                  0x0800343f   Thumb Code    42  timer_pwmin.o(.text)
    TIM2_PWMIN_GPIOInit                      0x08003469   Thumb Code    32  timer_pwmin.o(.text)
    TIM3_PWMIN_GPIOInit                      0x08003489   Thumb Code    32  timer_pwmin.o(.text)
    TIM3_PWMIN_Configuration                 0x080034a9   Thumb Code   152  timer_pwmin.o(.text)
    TIM2_PWMIN_Configuration                 0x08003541   Thumb Code   240  timer_pwmin.o(.text)
    TIM2_IRQHandler                          0x08003631   Thumb Code   880  timer_pwmin.o(.text)
    TIM3_IRQHandler                          0x080039a1   Thumb Code   428  timer_pwmin.o(.text)
    TIM1_GPIO_Config                         0x08003b85   Thumb Code    42  timer_pwmout.o(.text)
    TIM8_GPIO_Config                         0x08003baf   Thumb Code    40  timer_pwmout.o(.text)
    TIM8_Mode_Config                         0x08003bd7   Thumb Code   134  timer_pwmout.o(.text)
    TIM1_Mode_Config                         0x08003c5d   Thumb Code   190  timer_pwmout.o(.text)
    TIM1_PWM_Init                            0x08003d1b   Thumb Code     8  timer_pwmout.o(.text)
    MotoOutPut                               0x08003d23   Thumb Code    42  timer_pwmout.o(.text)
    NRF24L01_PortInit                        0x08003d5d   Thumb Code   196  24l01.o(.text)
    NRF24L01_Write_Reg                       0x08003e21   Thumb Code    40  24l01.o(.text)
    NRF24L01_Read_Reg                        0x08003e49   Thumb Code    38  24l01.o(.text)
    NRF24L01_Write_Buf                       0x08003e6f   Thumb Code    58  24l01.o(.text)
    NRF24L01_Read_Buf                        0x08003ea9   Thumb Code    60  24l01.o(.text)
    NRF24L01_TxPacket                        0x08003ee5   Thumb Code    34  24l01.o(.text)
    NRF24L01_TxPacket_AP                     0x08003f07   Thumb Code    34  24l01.o(.text)
    NRF24L01_RxPacket                        0x08003f29   Thumb Code    52  24l01.o(.text)
    NRF24L01_Check                           0x08003f5d   Thumb Code    62  24l01.o(.text)
    NRF24L01_Init                            0x08003f9b   Thumb Code   286  24l01.o(.text)
    NRF24L01_Tx                              0x080040b9   Thumb Code    28  24l01.o(.text)
    NRF24L01_Rx                              0x080040d5   Thumb Code    54  24l01.o(.text)
    HMC5883L_WriteByte                       0x0800411d   Thumb Code    32  hmc5883.o(.text)
    HMC5883L_ReadByte                        0x0800413d   Thumb Code    34  hmc5883.o(.text)
    HMC5883L_ReadBytes                       0x0800415f   Thumb Code    40  hmc5883.o(.text)
    HMC5883L_Init                            0x08004187   Thumb Code    98  hmc5883.o(.text)
    HMC5883L_Read                            0x080041e9   Thumb Code   190  hmc5883.o(.text)
    HMC5883L_Start                           0x080042a7   Thumb Code    20  hmc5883.o(.text)
    HMC5883L_MultRead                        0x080042bb   Thumb Code   180  hmc5883.o(.text)
    HMC5883L_GainCalibrate                   0x0800436f   Thumb Code   784  hmc5883.o(.text)
    HMC5883L_BiasCalibrate                   0x0800467f   Thumb Code   296  hmc5883.o(.text)
    HMC5883L_Cal                             0x080047a7   Thumb Code   110  hmc5883.o(.text)
    LED_BUTTON_GPIO_Config                   0x08004869   Thumb Code   146  led.o(.text)
    LEDTrg                                   0x080048fb   Thumb Code   180  led.o(.text)
    MPU6050_WriteI2C                         0x080049bd   Thumb Code    32  mpu.o(.text)
    MPU6050_ReadI2C                          0x080049dd   Thumb Code    34  mpu.o(.text)
    MPU6050_BufferRead                       0x080049ff   Thumb Code    40  mpu.o(.text)
    GetData                                  0x08004a27   Thumb Code    30  mpu.o(.text)
    MPU6050_RD_XYZ                           0x08004a45   Thumb Code   132  mpu.o(.text)
    MPU6050_NoneDMPInit                      0x08004ac9   Thumb Code   140  mpu.o(.text)
    MPUDataRead                              0x08004b55   Thumb Code    14  mpu.o(.text)
    Task_PWMout                              0x08004b71   Thumb Code    90  app.o(.text)
    Task_ThrottleLoop                        0x08004bcb   Thumb Code    56  app.o(.text)
    Task_Magnet                              0x08004c03   Thumb Code   120  app.o(.text)
    Task_MPU6050                             0x08004c7b   Thumb Code   212  app.o(.text)
    Task_LEDState                            0x08004d4f   Thumb Code   150  app.o(.text)
    Task_CrucialInterract                    0x08004de5   Thumb Code   166  app.o(.text)
    Task_PWMin                               0x08004e8b   Thumb Code    58  app.o(.text)
    Task_Debug                               0x08004ec5   Thumb Code  1166  app.o(.text)
    Task_Start                               0x08005353   Thumb Code   434  app.o(.text)
    MPUGyroZeroCal                           0x0800550d   Thumb Code   314  ahrs.o(.text)
    MPUAccZeroCal_GravityMeasure             0x08005647   Thumb Code   286  ahrs.o(.text)
    IMU_update                               0x08005765   Thumb Code   938  ahrs.o(.text)
    AHRS_update                              0x08005b0f   Thumb Code  2324  ahrs.o(.text)
    AHRS_SpeedUpdate                         0x08006423   Thumb Code   244  ahrs.o(.text)
    Mag_Yaw_Cal                              0x08006517   Thumb Code   184  ahrs.o(.text)
    AHRS_Attitude                            0x080065cf   Thumb Code  1302  ahrs.o(.text)
    AHRS_AltitudeVel                         0x08006ae5   Thumb Code   146  ahrs.o(.text)
    Add_Optflow_Roll                         0x08006ba9   Thumb Code   326  attitude.o(.text)
    Add_Optflow_Pitch                        0x08006cef   Thumb Code   326  attitude.o(.text)
    Comput_Ctr_Yaw                           0x08006e35   Thumb Code   450  attitude.o(.text)
    VehicleBal_Compensate                    0x08006ff7   Thumb Code   140  attitude.o(.text)
    Add_RC_Roll                              0x08007083   Thumb Code   120  attitude.o(.text)
    Add_RC_Pitch                             0x080070fb   Thumb Code   120  attitude.o(.text)
    RecordAltHoldPoint                       0x08007173   Thumb Code    50  attitude.o(.text)
    Set_Alt_Holdtarget                       0x080071a5   Thumb Code     6  attitude.o(.text)
    AltAcc_Controller                        0x080071ab   Thumb Code   376  attitude.o(.text)
    AltRate_Controller                       0x08007323   Thumb Code   326  attitude.o(.text)
    Alt_Root_Controller                      0x08007469   Thumb Code   252  attitude.o(.text)
    Alt_AutoSmooth_Handle                    0x08007565   Thumb Code   218  attitude.o(.text)
    Alt_PilotSmooth_Handle                   0x0800763f   Thumb Code   104  attitude.o(.text)
    Alt_Sonar_Controller                     0x080076a7   Thumb Code   208  attitude.o(.text)
    AltOld_Controller                        0x08007777   Thumb Code   326  attitude.o(.text)
    RC_Handle                                0x080078c1   Thumb Code   384  comprotocol.o(.text)
    SendDebugDat_Hunter_2401                 0x08007a41   Thumb Code    76  comprotocol.o(.text)
    SendDebugDat_LabVIEW_2401                0x08007a8d   Thumb Code    82  comprotocol.o(.text)
    PIDDebugData                             0x08007adf   Thumb Code   864  comprotocol.o(.text)
    _24L01PIDParData                         0x08007e3f   Thumb Code    16  comprotocol.o(.text)
    PID_Para_Init                            0x08007e75   Thumb Code   160  control.o(.text)
    CONTROL                                  0x08007f15   Thumb Code   812  control.o(.text)
    SafeDeal                                 0x08008241   Thumb Code   348  control.o(.text)
    UpdateFlightMode                         0x080083b5   Thumb Code   184  dataprocess.o(.text)
    Fly_Task_Land                            0x0800846d   Thumb Code    26  dataprocess.o(.text)
    Fly_Task_PosHold                         0x08008487   Thumb Code    20  dataprocess.o(.text)
    Update_Takeoff_Detector                  0x0800849b   Thumb Code    34  dataprocess.o(.text)
    Fly_Task_Takeoff                         0x080084bd   Thumb Code    16  dataprocess.o(.text)
    Fly_Task_Update                          0x080084cd   Thumb Code    40  dataprocess.o(.text)
    Reset_Takeoff_Detector                   0x080084f5   Thumb Code     8  dataprocess.o(.text)
    Reset_Land_Detector                      0x080084fd   Thumb Code    12  dataprocess.o(.text)
    FlyModeProcess                           0x08008509   Thumb Code   752  dataprocess.o(.text)
    Thro_SlowDown                            0x080087f9   Thumb Code    48  dataprocess.o(.text)
    Thro_SlowStart                           0x08008829   Thumb Code    60  dataprocess.o(.text)
    ThrottleModeProcess                      0x08008865   Thumb Code   388  dataprocess.o(.text)
    AttDataProcess                           0x080089e9   Thumb Code     8  dataprocess.o(.text)
    Update_Land_Detector                     0x080089f1   Thumb Code    94  dataprocess.o(.text)
    HeadfreeMode                             0x08008a4f   Thumb Code   208  dataprocess.o(.text)
    OPFLOW_Para_Init                         0x08008b81   Thumb Code   158  optical_flow.o(.text)
    OPFLOW_InstalOrientation                 0x08008c1f   Thumb Code    78  optical_flow.o(.text)
    OPFLOW_DataUpdate                        0x08008c6d   Thumb Code    28  optical_flow.o(.text)
    Update_Position                          0x08008c89   Thumb Code   320  optical_flow.o(.text)
    Euler_to_Quar                            0x08008e21   Thumb Code   306  quaternion.o(.text)
    Quar_to_Euler                            0x08008f53   Thumb Code   448  quaternion.o(.text)
    Quaternion_rotation_matrix               0x08009113   Thumb Code   344  quaternion.o(.text)
    RCDataProcess                            0x08009279   Thumb Code   308  rcdata.o(.text)
    Sonar_DataUpdate                         0x080093e9   Thumb Code    42  sonar.o(.text)
    PakRev_OverTimeDeal                      0x08009421   Thumb Code     2  transmit.o(.text)
    PakRev_BufHandle                         0x08009423   Thumb Code    94  transmit.o(.text)
    PakRev_DMAHandle                         0x08009481   Thumb Code    34  transmit.o(.text)
    Pak_Handle                               0x080094a3   Thumb Code   258  transmit.o(.text)
    main                                     0x080095c1   Thumb Code    30  main.o(.text)
    NMI_Handler                              0x080095e9   Thumb Code     2  stm32f10x_it.o(.text)
    HardFault_Handler                        0x080095eb   Thumb Code     4  stm32f10x_it.o(.text)
    MemManage_Handler                        0x080095ef   Thumb Code     4  stm32f10x_it.o(.text)
    BusFault_Handler                         0x080095f3   Thumb Code     4  stm32f10x_it.o(.text)
    UsageFault_Handler                       0x080095f7   Thumb Code     4  stm32f10x_it.o(.text)
    SVC_Handler                              0x080095fb   Thumb Code     2  stm32f10x_it.o(.text)
    DebugMon_Handler                         0x080095fd   Thumb Code     2  stm32f10x_it.o(.text)
    SysTick_Handler                          0x080095ff   Thumb Code    26  stm32f10x_it.o(.text)
    OSInitHookBegin                          0x0800961d   Thumb Code     2  os_cpu_c.o(.text)
    OSInitHookEnd                            0x0800961f   Thumb Code     2  os_cpu_c.o(.text)
    OSTaskCreateHook                         0x08009621   Thumb Code     2  os_cpu_c.o(.text)
    OSTaskDelHook                            0x08009623   Thumb Code     2  os_cpu_c.o(.text)
    OSTaskIdleHook                           0x08009625   Thumb Code     2  os_cpu_c.o(.text)
    OSTaskStatHook                           0x08009627   Thumb Code     2  os_cpu_c.o(.text)
    OSTaskStkInit                            0x08009629   Thumb Code   154  os_cpu_c.o(.text)
    OSTaskSwHook                             0x080096c3   Thumb Code     2  os_cpu_c.o(.text)
    OSTCBInitHook                            0x080096c5   Thumb Code     2  os_cpu_c.o(.text)
    OSTimeTickHook                           0x080096c7   Thumb Code     2  os_cpu_c.o(.text)
    OSTaskReturnHook                         0x080096c9   Thumb Code     2  os_cpu_c.o(.text)
    OS_CPU_SR_Save                           0x080096cd   Thumb Code     0  os_cpu_a.o(.text)
    OS_CPU_SR_Restore                        0x080096d5   Thumb Code     0  os_cpu_a.o(.text)
    OSStartHighRdy                           0x080096db   Thumb Code     0  os_cpu_a.o(.text)
    OSCtxSw                                  0x080096fd   Thumb Code     0  os_cpu_a.o(.text)
    OSIntCtxSw                               0x0800970b   Thumb Code     0  os_cpu_a.o(.text)
    PendSV_Handler                           0x0800971b   Thumb Code     0  os_cpu_a.o(.text)
    OS_TaskStatStkChk                        0x08009781   Thumb Code    54  os_core.o(.text)
    OS_TaskStat                              0x080097b7   Thumb Code   116  os_core.o(.text)
    OS_TaskIdle                              0x0800985f   Thumb Code    34  os_core.o(.text)
    OS_MemClr                                0x080098b5   Thumb Code    18  os_core.o(.text)
    OSInit                                   0x080099d3   Thumb Code    44  os_core.o(.text)
    OSIntEnter                               0x080099ff   Thumb Code    28  os_core.o(.text)
    OSIntExit                                0x08009a35   Thumb Code   112  os_core.o(.text)
    OSSchedLock                              0x08009aa5   Thumb Code    50  os_core.o(.text)
    OS_Sched                                 0x08009ad7   Thumb Code    88  os_core.o(.text)
    OSSchedUnlock                            0x08009b2f   Thumb Code   238  os_core.o(.text)
    OSStart                                  0x08009c1d   Thumb Code    48  os_core.o(.text)
    OSStatInit                               0x08009c4d   Thumb Code    62  os_core.o(.text)
    OSTimeTick                               0x08009c8b   Thumb Code   218  os_core.o(.text)
    OSVersion                                0x08009d65   Thumb Code     6  os_core.o(.text)
    OS_Dummy                                 0x08009d6b   Thumb Code     2  os_core.o(.text)
    OS_EventTaskRemove                       0x08009d6d   Thumb Code    42  os_core.o(.text)
    OS_EventTaskRdy                          0x08009d97   Thumb Code   118  os_core.o(.text)
    OS_EventTaskWait                         0x08009e0d   Thumb Code   112  os_core.o(.text)
    OS_EventWaitListInit                     0x08009e7d   Thumb Code    28  os_core.o(.text)
    OS_MemCopy                               0x08009e99   Thumb Code    20  os_core.o(.text)
    OS_StrLen                                0x08009ead   Thumb Code    20  os_core.o(.text)
    OS_TCBInit                               0x08009ec1   Thumb Code   288  os_core.o(.text)
    OSMemCreate                              0x0800a025   Thumb Code   118  os_mem.o(.text)
    OSMemGet                                 0x0800a09b   Thumb Code    62  os_mem.o(.text)
    OSMemNameGet                             0x0800a0d9   Thumb Code    60  os_mem.o(.text)
    OSMemNameSet                             0x0800a115   Thumb Code    48  os_mem.o(.text)
    OSMemPut                                 0x0800a145   Thumb Code    54  os_mem.o(.text)
    OSMemQuery                               0x0800a17b   Thumb Code    52  os_mem.o(.text)
    OS_MemInit                               0x0800a1af   Thumb Code    74  os_mem.o(.text)
    OSQAccept                                0x0800a209   Thumb Code    88  os_q.o(.text)
    OSQCreate                                0x0800a261   Thumb Code   140  os_q.o(.text)
    OSQDel                                   0x0800a2ed   Thumb Code   236  os_q.o(.text)
    OSQFlush                                 0x0800a3d9   Thumb Code    36  os_q.o(.text)
    OSQPend                                  0x0800a3fd   Thumb Code   272  os_q.o(.text)
    OSQPendAbort                             0x0800a50d   Thumb Code   128  os_q.o(.text)
    OSQPost                                  0x0800a58d   Thumb Code   114  os_q.o(.text)
    OSQPostFront                             0x0800a5ff   Thumb Code   136  os_q.o(.text)
    OSQPostOpt                               0x0800a687   Thumb Code   182  os_q.o(.text)
    OSQQuery                                 0x0800a73d   Thumb Code    98  os_q.o(.text)
    OS_QInit                                 0x0800a79f   Thumb Code    72  os_q.o(.text)
    OSTaskChangePrio                         0x0800a7f1   Thumb Code   310  os_task.o(.text)
    OSTaskCreate                             0x0800a927   Thumb Code   148  os_task.o(.text)
    OS_TaskStkClr                            0x0800a9bb   Thumb Code    26  os_task.o(.text)
    OSTaskCreateExt                          0x0800a9d5   Thumb Code   170  os_task.o(.text)
    OSTaskDel                                0x0800aa7f   Thumb Code   280  os_task.o(.text)
    OSTaskDelReq                             0x0800ab97   Thumb Code   146  os_task.o(.text)
    OSTaskNameGet                            0x0800ac29   Thumb Code   114  os_task.o(.text)
    OSTaskNameSet                            0x0800ac9b   Thumb Code    98  os_task.o(.text)
    OSTaskResume                             0x0800acfd   Thumb Code   160  os_task.o(.text)
    OSTaskStkChk                             0x0800ad9d   Thumb Code   132  os_task.o(.text)
    OSTaskSuspend                            0x0800ae21   Thumb Code   152  os_task.o(.text)
    OSTaskQuery                              0x0800aeb9   Thumb Code    82  os_task.o(.text)
    OSTaskRegGet                             0x0800af0b   Thumb Code    60  os_task.o(.text)
    OSTaskRegSet                             0x0800af47   Thumb Code    62  os_task.o(.text)
    OS_TaskReturn                            0x0800af85   Thumb Code    18  os_task.o(.text)
    OSTimeDly                                0x0800afb1   Thumb Code   100  os_time.o(.text)
    OSTimeDlyHMSM                            0x0800b015   Thumb Code    86  os_time.o(.text)
    OSTimeDlyResume                          0x0800b06b   Thumb Code   176  os_time.o(.text)
    OSTimeGet                                0x0800b11b   Thumb Code    24  os_time.o(.text)
    OSTimeSet                                0x0800b133   Thumb Code    24  os_time.o(.text)
    OSSemAccept                              0x0800b169   Thumb Code    42  os_sem.o(.text)
    OSSemCreate                              0x0800b193   Thumb Code    68  os_sem.o(.text)
    OSSemDel                                 0x0800b1d7   Thumb Code   200  os_sem.o(.text)
    OSSemPend                                0x0800b29f   Thumb Code   222  os_sem.o(.text)
    OSSemPendAbort                           0x0800b37d   Thumb Code   128  os_sem.o(.text)
    OSSemPost                                0x0800b3fd   Thumb Code    88  os_sem.o(.text)
    OSSemQuery                               0x0800b455   Thumb Code    76  os_sem.o(.text)
    OSSemSet                                 0x0800b4a1   Thumb Code    66  os_sem.o(.text)
    __aeabi_fadd                             0x0800b4f5   Thumb Code   164  fadd.o(.text)
    __aeabi_fsub                             0x0800b599   Thumb Code     6  fadd.o(.text)
    __aeabi_frsub                            0x0800b59f   Thumb Code     6  fadd.o(.text)
    __aeabi_fmul                             0x0800b5a5   Thumb Code   108  fmul.o(.text)
    __aeabi_fdiv                             0x0800b611   Thumb Code   128  fdiv.o(.text)
    __aeabi_dadd                             0x0800b691   Thumb Code   322  dadd.o(.text)
    __aeabi_dsub                             0x0800b7d3   Thumb Code     6  dadd.o(.text)
    __aeabi_drsub                            0x0800b7d9   Thumb Code     6  dadd.o(.text)
    __aeabi_dmul                             0x0800b7df   Thumb Code   228  dmul.o(.text)
    __aeabi_ddiv                             0x0800b8c3   Thumb Code   222  ddiv.o(.text)
    __aeabi_i2f                              0x0800b9a1   Thumb Code    18  fflti.o(.text)
    __aeabi_ui2f                             0x0800b9b3   Thumb Code    10  ffltui.o(.text)
    __aeabi_i2d                              0x0800b9bd   Thumb Code    34  dflti.o(.text)
    __aeabi_ui2d                             0x0800b9df   Thumb Code    26  dfltui.o(.text)
    __aeabi_f2iz                             0x0800b9f9   Thumb Code    50  ffixi.o(.text)
    __aeabi_f2uiz                            0x0800ba2b   Thumb Code    40  ffixui.o(.text)
    __aeabi_d2iz                             0x0800ba53   Thumb Code    62  dfixi.o(.text)
    __aeabi_d2uiz                            0x0800ba91   Thumb Code    50  dfixui.o(.text)
    __aeabi_f2d                              0x0800bac3   Thumb Code    38  f2d.o(.text)
    __aeabi_cdcmpeq                          0x0800bae9   Thumb Code     0  cdcmple.o(.text)
    __aeabi_cdcmple                          0x0800bae9   Thumb Code    38  cdcmple.o(.text)
    __aeabi_cdrcmple                         0x0800bb11   Thumb Code    38  cdrcmple.o(.text)
    __aeabi_d2f                              0x0800bb39   Thumb Code    56  d2f.o(.text)
    __aeabi_cfcmpeq                          0x0800bb71   Thumb Code     0  cfcmple.o(.text)
    __aeabi_cfcmple                          0x0800bb71   Thumb Code    20  cfcmple.o(.text)
    __aeabi_cfrcmple                         0x0800bb85   Thumb Code    20  cfrcmple.o(.text)
    __aeabi_uidiv                            0x0800bb99   Thumb Code     0  uidiv.o(.text)
    __aeabi_uidivmod                         0x0800bb99   Thumb Code    44  uidiv.o(.text)
    __aeabi_uldivmod                         0x0800bbc5   Thumb Code    98  uldiv.o(.text)
    __aeabi_llsl                             0x0800bc27   Thumb Code    30  llshl.o(.text)
    _ll_shift_l                              0x0800bc27   Thumb Code     0  llshl.o(.text)
    __aeabi_llsr                             0x0800bc45   Thumb Code    32  llushr.o(.text)
    _ll_ushift_r                             0x0800bc45   Thumb Code     0  llushr.o(.text)
    __aeabi_lasr                             0x0800bc65   Thumb Code    36  llsshr.o(.text)
    _ll_sshift_r                             0x0800bc65   Thumb Code     0  llsshr.o(.text)
    __I$use$fp                               0x0800bc89   Thumb Code     0  iusefp.o(.text)
    _float_round                             0x0800bc89   Thumb Code    18  fepilogue.o(.text)
    _float_epilogue                          0x0800bc9b   Thumb Code    90  fepilogue.o(.text)
    __ARM_scalbnf                            0x0800bcf5   Thumb Code    24  fscalb.o(.text)
    scalbnf                                  0x0800bcf5   Thumb Code     0  fscalb.o(.text)
    _frnd                                    0x0800bd0d   Thumb Code    60  frnd.o(.text)
    _double_round                            0x0800bd49   Thumb Code    26  depilogue.o(.text)
    _double_epilogue                         0x0800bd63   Thumb Code   164  depilogue.o(.text)
    __ARM_scalbn                             0x0800be07   Thumb Code    46  dscalb.o(.text)
    scalbn                                   0x0800be07   Thumb Code     0  dscalb.o(.text)
    _dsqrt                                   0x0800be35   Thumb Code   162  dsqrt.o(.text)
    __aeabi_d2ulz                            0x0800bed7   Thumb Code    48  dfixul.o(.text)
    __scatterload                            0x0800bf09   Thumb Code    28  init.o(.text)
    __scatterload_rt2                        0x0800bf09   Thumb Code     0  init.o(.text)
    __decompress                             0x0800bf2d   Thumb Code     0  __dczerorl2.o(.text)
    __decompress1                            0x0800bf2d   Thumb Code    92  __dczerorl2.o(.text)
    __0printf                                0x0800bf89   Thumb Code    22  printfa.o(i.__0printf)
    __1printf                                0x0800bf89   Thumb Code     0  printfa.o(i.__0printf)
    __2printf                                0x0800bf89   Thumb Code     0  printfa.o(i.__0printf)
    __c89printf                              0x0800bf89   Thumb Code     0  printfa.o(i.__0printf)
    printf                                   0x0800bf89   Thumb Code     0  printfa.o(i.__0printf)
    __ARM_fpclassify                         0x0800bfa9   Thumb Code    40  fpclassify.o(i.__ARM_fpclassify)
    __ARM_fpclassifyf                        0x0800bfd1   Thumb Code    38  fpclassifyf.o(i.__ARM_fpclassifyf)
    __ieee754_rem_pio2                       0x0800bff9   Thumb Code   832  rred.o(i.__ieee754_rem_pio2)
    __kernel_cos                             0x0800c381   Thumb Code   230  cos_i.o(i.__kernel_cos)
    __kernel_poly                            0x0800c47d   Thumb Code   170  poly.o(i.__kernel_poly)
    __kernel_sin                             0x0800c529   Thumb Code   224  sin_i.o(i.__kernel_sin)
    __mathlib_dbl_underflow                  0x0800c615   Thumb Code    10  dunder.o(i.__mathlib_dbl_underflow)
    __mathlib_flt_underflow                  0x0800c625   Thumb Code    10  funder.o(i.__mathlib_flt_underflow)
    __mathlib_rredf2                         0x0800c631   Thumb Code   326  rredf.o(i.__mathlib_rredf2)
    __scatterload_copy                       0x0800c789   Thumb Code    14  handlers.o(i.__scatterload_copy)
    __scatterload_null                       0x0800c797   Thumb Code     2  handlers.o(i.__scatterload_null)
    __scatterload_zeroinit                   0x0800c799   Thumb Code    14  handlers.o(i.__scatterload_zeroinit)
    __set_errno                              0x0800c7a9   Thumb Code     6  errno.o(i.__set_errno)
    asin                                     0x0800d059   Thumb Code   584  asin.o(i.asin)
    atan                                     0x0800d2d5   Thumb Code   478  atan.o(i.atan)
    atan2                                    0x0800d4f9   Thumb Code   346  atan2.o(i.atan2)
    cos                                      0x0800d679   Thumb Code   164  cos.o(i.cos)
    cosf                                     0x0800d725   Thumb Code   332  cosf.o(i.cosf)
    sin                                      0x0800d8a5   Thumb Code   166  sin.o(i.sin)
    sinf                                     0x0800d955   Thumb Code   342  sinf.o(i.sinf)
    sqrt                                     0x0800dae1   Thumb Code    76  sqrt.o(i.sqrt)
    SystemFrequency                          0x0800db2c   Data           4  system_stm32f10x.o(.constdata)
    SystemFrequency_SysClk                   0x0800db30   Data           4  system_stm32f10x.o(.constdata)
    SystemFrequency_AHBClk                   0x0800db34   Data           4  system_stm32f10x.o(.constdata)
    SystemFrequency_APB1Clk                  0x0800db38   Data           4  system_stm32f10x.o(.constdata)
    SystemFrequency_APB2Clk                  0x0800db3c   Data           4  system_stm32f10x.o(.constdata)
    OSUnMapTbl                               0x0800db50   Data         256  os_core.o(.constdata)
    __mathlib_zero                           0x0800dd68   Data           8  qnan.o(.constdata)
    Region$$Table$$Base                      0x0800de80   Number         0  anon$$obj.o(Region$$Table)
    Region$$Table$$Limit                     0x0800dea0   Number         0  anon$$obj.o(Region$$Table)
    DebugData                                0x20000014   Data          20  usart.o(.data)
    g_Systime                                0x20000028   Data           4  systick.o(.data)
    TIM2_Cap1STA                             0x20000030   Data           1  timer_pwmin.o(.data)
    TIM2_Cap2STA                             0x20000031   Data           1  timer_pwmin.o(.data)
    TIM2_Cap3STA                             0x20000032   Data           1  timer_pwmin.o(.data)
    TIM2_Cap4STA                             0x20000033   Data           1  timer_pwmin.o(.data)
    TIM2_Cap1temp                            0x20000034   Data           2  timer_pwmin.o(.data)
    TIM2_Cap2temp                            0x20000036   Data           2  timer_pwmin.o(.data)
    TIM2_Cap3temp                            0x20000038   Data           2  timer_pwmin.o(.data)
    TIM2_Cap4temp                            0x2000003a   Data           2  timer_pwmin.o(.data)
    TIM2_Cap1Val                             0x2000003c   Data           2  timer_pwmin.o(.data)
    TIM2_Cap2Val                             0x2000003e   Data           2  timer_pwmin.o(.data)
    TIM2_Cap3Val                             0x20000040   Data           2  timer_pwmin.o(.data)
    TIM2_Cap4Val                             0x20000042   Data           2  timer_pwmin.o(.data)
    TIM3_Cap3STA                             0x20000044   Data           1  timer_pwmin.o(.data)
    TIM3_Cap4STA                             0x20000045   Data           1  timer_pwmin.o(.data)
    TIM3_Cap3Val                             0x20000046   Data           2  timer_pwmin.o(.data)
    TIM3_Cap4Val                             0x20000048   Data           2  timer_pwmin.o(.data)
    TIM3_Cap3temp                            0x2000004a   Data           2  timer_pwmin.o(.data)
    TIM3_Cap4temp                            0x2000004c   Data           2  timer_pwmin.o(.data)
    TX_ADDRESS                               0x2000004e   Data           5  24l01.o(.data)
    RX_ADDRESS                               0x20000053   Data           5  24l01.o(.data)
    g_A3080_dx                               0x20000058   Data           1  adns3080.o(.data)
    g_A3080_dy                               0x20000059   Data           1  adns3080.o(.data)
    motion_reg                               0x2000005a   Data           1  adns3080.o(.data)
    raw_dx                                   0x2000005b   Data           1  adns3080.o(.data)
    raw_dy                                   0x2000005c   Data           1  adns3080.o(.data)
    _overflow                                0x2000005d   Data           1  adns3080.o(.data)
    surface_quality                          0x2000005e   Data           1  adns3080.o(.data)
    HMCoffset                                0x20000060   Data           8  hmc5883.o(.data)
    HMC5883L_GAIN_X                          0x20000068   Data           4  hmc5883.o(.data)
    HMC5883L_GAIN_Y                          0x2000006c   Data           4  hmc5883.o(.data)
    HMC5883L_GAIN_Z                          0x20000070   Data           4  hmc5883.o(.data)
    hmc5883l                                 0x20000074   Data           8  hmc5883.o(.data)
    gyro                                     0x2000007c   Data           6  mpu.o(.data)
    accel                                    0x20000082   Data           6  mpu.o(.data)
    tempt                                    0x20000088   Data           2  mpu.o(.data)
    sensors                                  0x2000008a   Data           2  mpu.o(.data)
    mpu                                      0x2000008c   Data           1  app.o(.data)
    g_Printcnt                               0x2000008d   Data           1  app.o(.data)
    DataDealOK                               0x2000008e   Data           1  app.o(.data)
    MagCalibOK                               0x2000008f   Data           1  app.o(.data)
    g_Msgsem_dbg                             0x200000a0   Data           4  app.o(.data)
    g_Msgsem_ctl_att                         0x200000a4   Data           4  app.o(.data)
    GYRO_OFFSET                              0x200000a8   Data          12  ahrs.o(.data)
    ACC_1G                                   0x200000b4   Data           2  ahrs.o(.data)
    Yaw_Last                                 0x200000b8   Data           4  ahrs.o(.data)
    Roll_Last                                0x200000bc   Data           4  ahrs.o(.data)
    Pitch_Last                               0x200000c0   Data           4  ahrs.o(.data)
    SinRoll                                  0x200000c4   Data           4  ahrs.o(.data)
    SinPitch                                 0x200000c8   Data           4  ahrs.o(.data)
    CosRoll                                  0x200000cc   Data           4  ahrs.o(.data)
    CosPitch                                 0x200000d0   Data           4  ahrs.o(.data)
    exInt                                    0x200000d4   Data           4  ahrs.o(.data)
    eyInt                                    0x200000d8   Data           4  ahrs.o(.data)
    ezInt                                    0x200000dc   Data           4  ahrs.o(.data)
    exInt_mag                                0x200000e0   Data           4  ahrs.o(.data)
    eyInt_mag                                0x200000e4   Data           4  ahrs.o(.data)
    ezInt_mag                                0x200000e8   Data           4  ahrs.o(.data)
    errorh_int                               0x200000ec   Data           4  ahrs.o(.data)
    Yaw_Raw                                  0x20000118   Data           4  ahrs.o(.data)
    Roll_Raw                                 0x2000011c   Data           4  ahrs.o(.data)
    Pitch_Raw                                0x20000120   Data           4  ahrs.o(.data)
    Yaw_Raw_Rad                              0x20000124   Data           4  ahrs.o(.data)
    Roll_Raw_Rad                             0x20000128   Data           4  ahrs.o(.data)
    Pitch_Raw_Rad                            0x2000012c   Data           4  ahrs.o(.data)
    SinYaw                                   0x20000130   Data           4  ahrs.o(.data)
    CosYaw                                   0x20000134   Data           4  ahrs.o(.data)
    Saveheadholdflag                         0x20000138   Data           1  attitude.o(.data)
    headfreeflag                             0x20000139   Data           1  attitude.o(.data)
    Yaw_turn                                 0x2000013c   Data           4  attitude.o(.data)
    Headhold                                 0x20000140   Data           4  attitude.o(.data)
    Headoriginal_rad                         0x20000144   Data           4  attitude.o(.data)
    yaw_print                                0x20000148   Data           4  attitude.o(.data)
    Headfreehold                             0x2000014c   Data           4  attitude.o(.data)
    HightHoldVal                             0x20000150   Data           2  attitude.o(.data)
    HightError                               0x20000152   Data           2  attitude.o(.data)
    HightErrorlast                           0x20000154   Data           2  attitude.o(.data)
    Hight_i                                  0x20000158   Data           4  attitude.o(.data)
    Controller_target_alt                    0x2000015c   Data           2  attitude.o(.data)
    dx_cm_accuml                             0x20000160   Data           4  attitude.o(.data)
    x_rate_error_last                        0x20000164   Data           4  attitude.o(.data)
    dy_cm_accuml                             0x20000168   Data           4  attitude.o(.data)
    y_rate_error_last                        0x2000016c   Data           4  attitude.o(.data)
    vacc_error                               0x20000170   Data           4  attitude.o(.data)
    vertical_acc_mm                          0x20000174   Data           4  attitude.o(.data)
    vertical_rate_error                      0x20000178   Data           4  attitude.o(.data)
    vtarget_filter_rate                      0x2000017c   Data           4  attitude.o(.data)
    target_output                            0x20000190   Data           4  attitude.o(.data)
    desired_rate                             0x20000194   Data           4  attitude.o(.data)
    RevFinish                                0x20000198   Data           1  comprotocol.o(.data)
    Reg                                      0x2000019c   Data           4  comprotocol.o(.data)
    Unlock                                   0x200001a0   Data           1  control.o(.data)
    MaxAngle                                 0x200001a4   Data           4  control.o(.data)
    MinAngle                                 0x200001a8   Data           4  control.o(.data)
    Target_rate_roll                         0x200001ac   Data           4  control.o(.data)
    Target_rate_pitch                        0x200001b0   Data           4  control.o(.data)
    g_Motor_output_enable                    0x200001b4   Data           1  control.o(.data)
    Moto_PWM_1                               0x200001b6   Data           2  control.o(.data)
    Moto_PWM_2                               0x200001b8   Data           2  control.o(.data)
    Moto_PWM_3                               0x200001ba   Data           2  control.o(.data)
    Moto_PWM_4                               0x200001bc   Data           2  control.o(.data)
    Moto_PWM_5                               0x200001be   Data           2  control.o(.data)
    Moto_PWM_6                               0x200001c0   Data           2  control.o(.data)
    rol_i                                    0x200001c4   Data           4  control.o(.data)
    pit_i                                    0x200001c8   Data           4  control.o(.data)
    yaw_i                                    0x200001cc   Data           4  control.o(.data)
    P_SONAR_ALT                              0x200001d4   Data           8  control.o(.data)
    P_ROOT_ALT                               0x200001dc   Data           8  control.o(.data)
    P_RATE_ALT                               0x200001e4   Data           8  control.o(.data)
    P_RATEFILT_ALT                           0x200001ec   Data           8  control.o(.data)
    FlightMode                               0x200001f4   Data           1  dataprocess.o(.data)
    FlyTask                                  0x200001f5   Data           1  dataprocess.o(.data)
    ThrottleMode                             0x200001f6   Data           1  dataprocess.o(.data)
    VehicleBalComp                           0x200001f7   Data           1  dataprocess.o(.data)
    Control_proc_thro                        0x200001f8   Data           2  dataprocess.o(.data)
    Control_auto_thro                        0x200001fa   Data           2  dataprocess.o(.data)
    Control_targer_altacc                    0x200001fc   Data           4  dataprocess.o(.data)
    g_altacc_controller_active               0x20000200   Data           1  dataprocess.o(.data)
    g_takeoff                                0x20000201   Data           1  dataprocess.o(.data)
    g_takeoff_finish                         0x20000202   Data           1  dataprocess.o(.data)
    g_land                                   0x20000203   Data           1  dataprocess.o(.data)
    g_land_finish                            0x20000204   Data           1  dataprocess.o(.data)
    g_land_detector                          0x20000205   Data           1  dataprocess.o(.data)
    g_takeoff_2sdelay                        0x20000206   Data           1  dataprocess.o(.data)
    temp_roll_view                           0x2000020c   Data           4  dataprocess.o(.data)
    dx_ref                                   0x20000210   Data           2  optical_flow.o(.data)
    dy_ref                                   0x20000212   Data           2  optical_flow.o(.data)
    g_intercnt                               0x20000214   Data           1  optical_flow.o(.data)
    exp_change_x                             0x20000224   Data           4  optical_flow.o(.data)
    exp_change_y                             0x20000228   Data           4  optical_flow.o(.data)
    dx                                       0x2000022c   Data           1  optical_flow.o(.data)
    dy                                       0x2000022d   Data           1  optical_flow.o(.data)
    Quat                                     0x20000230   Data          16  quaternion.o(.data)
    Rc_Data                                  0x20000240   Data          12  rcdata.o(.data)
    Rc_DataLast                              0x2000024c   Data          12  rcdata.o(.data)
    SonarHight_Raw                           0x20000258   Data           2  sonar.o(.data)
    SonarHight_Last                          0x2000025a   Data           2  sonar.o(.data)
    SonarHight                               0x2000025c   Data           2  sonar.o(.data)
    SonarHightvel                            0x2000025e   Data           2  sonar.o(.data)
    SonarHightvel_add                        0x20000260   Data           2  sonar.o(.data)
    SR_Pakbuf                                0x20000262   Data           4  sonar.o(.data)
    SonarHight_avr                           0x20000266   Data           2  sonar.o(.data)
    Trans_RevPakFin                          0x20000268   Data           1  transmit.o(.data)
    Trans_RevPakErr                          0x20000269   Data           1  transmit.o(.data)
    Pakbuf_Optf                              0x2000026c   Data           4  transmit.o(.data)
    Pakbuf_Sonar                             0x20000270   Data           4  transmit.o(.data)
    OSCtxSwCtr                               0x20000278   Data           4  os_core.o(.data)
    OSEventFreeList                          0x2000027c   Data           4  os_core.o(.data)
    OSCPUUsage                               0x20000280   Data           1  os_core.o(.data)
    OSIdleCtrMax                             0x20000284   Data           4  os_core.o(.data)
    OSIdleCtrRun                             0x20000288   Data           4  os_core.o(.data)
    OSStatRdy                                0x2000028c   Data           1  os_core.o(.data)
    OSIntNesting                             0x2000028d   Data           1  os_core.o(.data)
    OSLockNesting                            0x2000028e   Data           1  os_core.o(.data)
    OSPrioCur                                0x2000028f   Data           1  os_core.o(.data)
    OSPrioHighRdy                            0x20000290   Data           1  os_core.o(.data)
    OSRdyGrp                                 0x20000291   Data           1  os_core.o(.data)
    OSRdyTbl                                 0x20000292   Data           8  os_core.o(.data)
    OSRunning                                0x2000029a   Data           1  os_core.o(.data)
    OSTaskCtr                                0x2000029b   Data           1  os_core.o(.data)
    OSIdleCtr                                0x2000029c   Data           4  os_core.o(.data)
    OSTCBCur                                 0x200002a0   Data           4  os_core.o(.data)
    OSTCBFreeList                            0x200002a4   Data           4  os_core.o(.data)
    OSTCBHighRdy                             0x200002a8   Data           4  os_core.o(.data)
    OSTCBList                                0x200002ac   Data           4  os_core.o(.data)
    OSTickStepState                          0x200002b0   Data           1  os_core.o(.data)
    OSMemFreeList                            0x200002b4   Data           4  os_core.o(.data)
    OSQFreeList                              0x200002b8   Data           4  os_core.o(.data)
    OSTime                                   0x200002bc   Data           4  os_core.o(.data)
    __stdout                                 0x200002c0   Data           4  stdout.o(.data)
    ReceiveData                              0x200002c8   Data           9  usart.o(.bss)
    DMA_InitStructure                        0x200002d4   Data          44  usart.o(.bss)
    Magdecp                                  0x20000300   Data          16  hmc5883.o(.bss)
    task_led_stk                             0x20000310   Data         200  app.o(.bss)
    task_CrucialInterract_stk                0x200003d8   Data         400  app.o(.bss)
    task_MPU6050_stk                         0x20000568   Data        1020  app.o(.bss)
    task_Debug_stk                           0x20000964   Data         320  app.o(.bss)
    task_PWMout_stk                          0x20000aa4   Data         800  app.o(.bss)
    task_PWMin_stk                           0x20000dc4   Data         320  app.o(.bss)
    task_Sonar_stk                           0x20000f04   Data         320  app.o(.bss)
    task_Magnet_stk                          0x20001044   Data         320  app.o(.bss)
    GYRO_Int                                 0x20001184   Data          12  ahrs.o(.bss)
    ACC_OFFSET                               0x20001190   Data          12  ahrs.o(.bss)
    FiltArray_AX                             0x2000119c   Data          40  ahrs.o(.bss)
    FiltArray_AY                             0x200011c4   Data          40  ahrs.o(.bss)
    FiltArray_AZ                             0x200011ec   Data          40  ahrs.o(.bss)
    GYRO_Raw                                 0x20001214   Data          12  ahrs.o(.bss)
    GYRO_Last                                0x20001220   Data          12  ahrs.o(.bss)
    ACC_Raw                                  0x2000122c   Data          12  ahrs.o(.bss)
    ACC_Last                                 0x20001238   Data          12  ahrs.o(.bss)
    ACC_Linear_n                             0x20001244   Data          12  ahrs.o(.bss)
    ACC_Linear_n_mm                          0x20001250   Data          12  ahrs.o(.bss)
    g_LVelimu_n                              0x2000125c   Data          12  ahrs.o(.bss)
    g_LVel_n                                 0x20001268   Data          12  ahrs.o(.bss)
    magtmp                                   0x20001274   Data          16  ahrs.o(.bss)
    Vehiclebias                              0x20001284   Data          12  attitude.o(.bss)
    RC_att                                   0x20001290   Data          12  attitude.o(.bss)
    Optflow_att                              0x2000129c   Data          12  attitude.o(.bss)
    Control_proc_att                         0x200012a8   Data          12  attitude.o(.bss)
    Control_ulti_att                         0x200012b4   Data          12  attitude.o(.bss)
    BUF_R                                    0x200012c0   Data          12  comprotocol.o(.bss)
    BUF_T                                    0x200012cc   Data          10  comprotocol.o(.bss)
    FlyReg                                   0x200012d6   Data          46  comprotocol.o(.bss)
    PID_ACC_ALT                              0x20001304   Data          32  control.o(.bss)
    PID_ROL                                  0x20001324   Data          32  control.o(.bss)
    PID_PIT                                  0x20001344   Data          32  control.o(.bss)
    PID_YAW                                  0x20001364   Data          32  control.o(.bss)
    PID_ALT                                  0x20001384   Data          32  control.o(.bss)
    PID_HIGH                                 0x200013a4   Data          32  control.o(.bss)
    PID_POS                                  0x200013c4   Data          32  control.o(.bss)
    PID_STABLE                               0x200013e4   Data          32  control.o(.bss)
    PID_POS_OF                               0x20001404   Data          32  control.o(.bss)
    AP_Pakbuf                                0x20001424   Data          10  optical_flow.o(.bss)
    Optflow                                  0x20001430   Data          72  optical_flow.o(.bss)
    g_MxCnb                                  0x20001478   Data          36  quaternion.o(.bss)
    Rc_Orign                                 0x2000149c   Data          12  rcdata.o(.bss)
    Rc_Data_temp                             0x200014a8   Data          12  rcdata.o(.bss)
    Recvbuf                                  0x200014b4   Data          12  transmit.o(.bss)
    Sendbuf                                  0x200014c0   Data          12  transmit.o(.bss)
    startup_task_stk                         0x200014cc   Data         320  main.o(.bss)
    OSEventTbl                               0x2000160c   Data         200  os_core.o(.bss)
    OSTaskStatStk                            0x200016d4   Data         512  os_core.o(.bss)
    OSTaskIdleStk                            0x200018d4   Data         512  os_core.o(.bss)
    OSTCBPrioTbl                             0x20001ad4   Data         256  os_core.o(.bss)
    OSTCBTbl                                 0x20001bd4   Data        1672  os_core.o(.bss)
    OSMemTbl                                 0x2000225c   Data         120  os_core.o(.bss)
    OSQTbl                                   0x200022d4   Data         120  os_core.o(.bss)
    __initial_sp                             0x20002b50   Data           0  startup_stm32f10x_hd.o(STACK)



==============================================================================

Memory Map of the image

  Image Entry point : 0x08000131

  Load Region LR_IROM1 (Base: 0x08000000, Size: 0x0000e168, Max: 0x00080000, ABSOLUTE, COMPRESSED[0x0000df14])

    Execution Region ER_IROM1 (Base: 0x08000000, Size: 0x0000dea0, Max: 0x00080000, ABSOLUTE)

    Base Addr    Size         Type   Attr      Idx    E Section Name        Object

    0x08000000   0x00000130   Data   RO           73    RESET               startup_stm32f10x_hd.o
    0x08000130   0x00000000   Code   RO         1349  * .ARM.Collect$$$$00000000  mc_w.l(entry.o)
    0x08000130   0x00000004   Code   RO         1697    .ARM.Collect$$$$00000001  mc_w.l(entry2.o)
    0x08000134   0x00000004   Code   RO         1700    .ARM.Collect$$$$00000004  mc_w.l(entry5.o)
    0x08000138   0x00000000   Code   RO         1702    .ARM.Collect$$$$00000008  mc_w.l(entry7b.o)
    0x08000138   0x00000000   Code   RO         1704    .ARM.Collect$$$$0000000A  mc_w.l(entry8b.o)
    0x08000138   0x00000008   Code   RO         1705    .ARM.Collect$$$$0000000B  mc_w.l(entry9a.o)
    0x08000140   0x00000000   Code   RO         1707    .ARM.Collect$$$$0000000D  mc_w.l(entry10a.o)
    0x08000140   0x00000000   Code   RO         1709    .ARM.Collect$$$$0000000F  mc_w.l(entry11a.o)
    0x08000140   0x00000004   Code   RO         1698    .ARM.Collect$$$$00002712  mc_w.l(entry2.o)
    0x08000144   0x00000138   Code   RO           17    .text               system_stm32f10x.o
    0x0800027c   0x00000030   Code   RO           74    .text               startup_stm32f10x_hd.o
    0x080002ac   0x000000dc   Code   RO           78    .text               misc.o
    0x08000388   0x0000023c   Code   RO           94    .text               stm32f10x_dma.o
    0x080005c4   0x0000032c   Code   RO          146    .text               stm32f10x_gpio.o
    0x080008f0   0x000003a0   Code   RO          158    .text               stm32f10x_rcc.o
    0x08000c90   0x00000300   Code   RO          172    .text               stm32f10x_spi.o
    0x08000f90   0x00000370   Code   RO          184    .text               stm32f10x_usart.o
    0x08001300   0x000003e4   Code   RO          196    .text               stm32f10x_i2c.o
    0x080016e4   0x00000124   Code   RO          208    .text               stm32f10x_exti.o
    0x08001808   0x00000bc6   Code   RO          220    .text               stm32f10x_tim.o
    0x080023ce   0x00000002   PAD
    0x080023d0   0x00000114   Code   RO          232    .text               bsp.o
    0x080024e4   0x00000334   Code   RO          406    .text               i2c_1.o
    0x08002818   0x00000324   Code   RO          464    .text               spi.o
    0x08002b3c   0x0000068c   Code   RO          479    .text               usart.o
    0x080031c8   0x000000bc   Code   RO          501    .text               systick.o
    0x08003284   0x00000190   Code   RO          565    .text               exti.o
    0x08003414   0x00000770   Code   RO          581    .text               timer_pwmin.o
    0x08003b84   0x000001d8   Code   RO          603    .text               timer_pwmout.o
    0x08003d5c   0x000003c0   Code   RO          615    .text               24l01.o
    0x0800411c   0x0000074c   Code   RO          695    .text               hmc5883.o
    0x08004868   0x00000154   Code   RO          730    .text               led.o
    0x080049bc   0x000001b4   Code   RO          748    .text               mpu.o
    0x08004b70   0x0000099c   Code   RO          795    .text               app.o
    0x0800550c   0x0000169c   Code   RO          811    .text               ahrs.o
    0x08006ba8   0x00000d18   Code   RO          830    .text               attitude.o
    0x080078c0   0x000005b4   Code   RO          853    .text               comprotocol.o
    0x08007e74   0x00000540   Code   RO          872    .text               control.o
    0x080083b4   0x000007cc   Code   RO          892    .text               dataprocess.o
    0x08008b80   0x000002a0   Code   RO          945    .text               optical_flow.o
    0x08008e20   0x00000458   Code   RO          983    .text               quaternion.o
    0x08009278   0x00000170   Code   RO         1002    .text               rcdata.o
    0x080093e8   0x00000038   Code   RO         1025    .text               sonar.o
    0x08009420   0x000001a0   Code   RO         1044    .text               transmit.o
    0x080095c0   0x00000028   Code   RO         1071    .text               main.o
    0x080095e8   0x00000034   Code   RO         1086    .text               stm32f10x_it.o
    0x0800961c   0x000000ae   Code   RO         1150    .text               os_cpu_c.o
    0x080096ca   0x00000002   PAD
    0x080096cc   0x000000b4   Code   RO         1172    .text               os_cpu_a.o
    0x08009780   0x000008a4   Code   RO         1175    .text               os_core.o
    0x0800a024   0x000001e4   Code   RO         1213    .text               os_mem.o
    0x0800a208   0x000005e8   Code   RO         1237    .text               os_q.o
    0x0800a7f0   0x000007c0   Code   RO         1249    .text               os_task.o
    0x0800afb0   0x000001b8   Code   RO         1261    .text               os_time.o
    0x0800b168   0x0000038c   Code   RO         1279    .text               os_sem.o
    0x0800b4f4   0x000000b0   Code   RO         1619    .text               mf_w.l(fadd.o)
    0x0800b5a4   0x0000006c   Code   RO         1621    .text               mf_w.l(fmul.o)
    0x0800b610   0x00000080   Code   RO         1623    .text               mf_w.l(fdiv.o)
    0x0800b690   0x0000014e   Code   RO         1625    .text               mf_w.l(dadd.o)
    0x0800b7de   0x000000e4   Code   RO         1627    .text               mf_w.l(dmul.o)
    0x0800b8c2   0x000000de   Code   RO         1629    .text               mf_w.l(ddiv.o)
    0x0800b9a0   0x00000012   Code   RO         1631    .text               mf_w.l(fflti.o)
    0x0800b9b2   0x0000000a   Code   RO         1633    .text               mf_w.l(ffltui.o)
    0x0800b9bc   0x00000022   Code   RO         1635    .text               mf_w.l(dflti.o)
    0x0800b9de   0x0000001a   Code   RO         1637    .text               mf_w.l(dfltui.o)
    0x0800b9f8   0x00000032   Code   RO         1639    .text               mf_w.l(ffixi.o)
    0x0800ba2a   0x00000028   Code   RO         1641    .text               mf_w.l(ffixui.o)
    0x0800ba52   0x0000003e   Code   RO         1643    .text               mf_w.l(dfixi.o)
    0x0800ba90   0x00000032   Code   RO         1645    .text               mf_w.l(dfixui.o)
    0x0800bac2   0x00000026   Code   RO         1647    .text               mf_w.l(f2d.o)
    0x0800bae8   0x00000028   Code   RO         1649    .text               mf_w.l(cdcmple.o)
    0x0800bb10   0x00000028   Code   RO         1651    .text               mf_w.l(cdrcmple.o)
    0x0800bb38   0x00000038   Code   RO         1653    .text               mf_w.l(d2f.o)
    0x0800bb70   0x00000014   Code   RO         1655    .text               mf_w.l(cfcmple.o)
    0x0800bb84   0x00000014   Code   RO         1657    .text               mf_w.l(cfrcmple.o)
    0x0800bb98   0x0000002c   Code   RO         1712    .text               mc_w.l(uidiv.o)
    0x0800bbc4   0x00000062   Code   RO         1714    .text               mc_w.l(uldiv.o)
    0x0800bc26   0x0000001e   Code   RO         1716    .text               mc_w.l(llshl.o)
    0x0800bc44   0x00000020   Code   RO         1718    .text               mc_w.l(llushr.o)
    0x0800bc64   0x00000024   Code   RO         1720    .text               mc_w.l(llsshr.o)
    0x0800bc88   0x00000000   Code   RO         1729    .text               mc_w.l(iusefp.o)
    0x0800bc88   0x0000006c   Code   RO         1730    .text               mf_w.l(fepilogue.o)
    0x0800bcf4   0x00000018   Code   RO         1732    .text               mf_w.l(fscalb.o)
    0x0800bd0c   0x0000003c   Code   RO         1734    .text               mf_w.l(frnd.o)
    0x0800bd48   0x000000be   Code   RO         1736    .text               mf_w.l(depilogue.o)
    0x0800be06   0x0000002e   Code   RO         1738    .text               mf_w.l(dscalb.o)
    0x0800be34   0x000000a2   Code   RO         1740    .text               mf_w.l(dsqrt.o)
    0x0800bed6   0x00000030   Code   RO         1742    .text               mf_w.l(dfixul.o)
    0x0800bf06   0x00000002   PAD
    0x0800bf08   0x00000024   Code   RO         1744    .text               mc_w.l(init.o)
    0x0800bf2c   0x0000005c   Code   RO         1754    .text               mc_w.l(__dczerorl2.o)
    0x0800bf88   0x00000020   Code   RO         1591    i.__0printf         mc_w.l(printfa.o)
    0x0800bfa8   0x00000028   Code   RO         1674    i.__ARM_fpclassify  m_ws.l(fpclassify.o)
    0x0800bfd0   0x00000026   Code   RO         1676    i.__ARM_fpclassifyf  m_ws.l(fpclassifyf.o)
    0x0800bff6   0x00000002   PAD
    0x0800bff8   0x00000388   Code   RO         1683    i.__ieee754_rem_pio2  m_ws.l(rred.o)
    0x0800c380   0x000000fc   Code   RO         1669    i.__kernel_cos      m_ws.l(cos_i.o)
    0x0800c47c   0x000000aa   Code   RO         1680    i.__kernel_poly     m_ws.l(poly.o)
    0x0800c526   0x00000002   PAD
    0x0800c528   0x000000ec   Code   RO         1691    i.__kernel_sin      m_ws.l(sin_i.o)
    0x0800c614   0x00000010   Code   RO         1672    i.__mathlib_dbl_underflow  m_ws.l(dunder.o)
    0x0800c624   0x0000000a   Code   RO         1678    i.__mathlib_flt_underflow  m_ws.l(funder.o)
    0x0800c62e   0x00000002   PAD
    0x0800c630   0x00000158   Code   RO         1688    i.__mathlib_rredf2  m_ws.l(rredf.o)
    0x0800c788   0x0000000e   Code   RO         1748    i.__scatterload_copy  mc_w.l(handlers.o)
    0x0800c796   0x00000002   Code   RO         1749    i.__scatterload_null  mc_w.l(handlers.o)
    0x0800c798   0x0000000e   Code   RO         1750    i.__scatterload_zeroinit  mc_w.l(handlers.o)
    0x0800c7a6   0x00000002   PAD
    0x0800c7a8   0x0000000c   Code   RO         1724    i.__set_errno       mc_w.l(errno.o)
    0x0800c7b4   0x0000015c   Code   RO         1598    i._fp_digits        mc_w.l(printfa.o)
    0x0800c910   0x000006f0   Code   RO         1599    i._printf_core      mc_w.l(printfa.o)
    0x0800d000   0x00000026   Code   RO         1600    i._printf_post_padding  mc_w.l(printfa.o)
    0x0800d026   0x00000030   Code   RO         1601    i._printf_pre_padding  mc_w.l(printfa.o)
    0x0800d056   0x00000002   PAD
    0x0800d058   0x0000027c   Code   RO         1292    i.asin              m_ws.l(asin.o)
    0x0800d2d4   0x00000224   Code   RO         1660    i.atan              m_ws.l(atan.o)
    0x0800d4f8   0x00000180   Code   RO         1302    i.atan2             m_ws.l(atan2.o)
    0x0800d678   0x000000ac   Code   RO         1310    i.cos               m_ws.l(cos.o)
    0x0800d724   0x00000180   Code   RO         1318    i.cosf              m_ws.l(cosf.o)
    0x0800d8a4   0x000000b0   Code   RO         1326    i.sin               m_ws.l(sin.o)
    0x0800d954   0x0000018c   Code   RO         1334    i.sinf              m_ws.l(sinf.o)
    0x0800dae0   0x0000004c   Code   RO         1342    i.sqrt              m_ws.l(sqrt.o)
    0x0800db2c   0x00000014   Data   RO           18    .constdata          system_stm32f10x.o
    0x0800db40   0x00000010   Data   RO          697    .constdata          hmc5883.o
    0x0800db50   0x00000100   Data   RO         1177    .constdata          os_core.o
    0x0800dc50   0x00000050   Data   RO         1293    .constdata          m_ws.l(asin.o)
    0x0800dca0   0x00000098   Data   RO         1661    .constdata          m_ws.l(atan.o)
    0x0800dd38   0x00000030   Data   RO         1670    .constdata          m_ws.l(cos_i.o)
    0x0800dd68   0x00000008   Data   RO         1682    .constdata          m_ws.l(qnan.o)
    0x0800dd70   0x000000c8   Data   RO         1685    .constdata          m_ws.l(rred.o)
    0x0800de38   0x00000020   Data   RO         1689    .constdata          m_ws.l(rredf.o)
    0x0800de58   0x00000028   Data   RO         1692    .constdata          m_ws.l(sin_i.o)
    0x0800de80   0x00000020   Data   RO         1746    Region$$Table       anon$$obj.o


    Execution Region RW_IRAM1 (Base: 0x20000000, Size: 0x00002b50, Max: 0x00010000, ABSOLUTE, COMPRESSED[0x00000074])

    Base Addr    Size         Type   Attr      Idx    E Section Name        Object

    0x20000000   0x00000014   Data   RW          159    .data               stm32f10x_rcc.o
    0x20000014   0x00000014   Data   RW          481    .data               usart.o
    0x20000028   0x00000008   Data   RW          502    .data               systick.o
    0x20000030   0x0000001e   Data   RW          582    .data               timer_pwmin.o
    0x2000004e   0x0000000a   Data   RW          616    .data               24l01.o
    0x20000058   0x00000007   Data   RW          636    .data               adns3080.o
    0x2000005f   0x00000001   PAD
    0x20000060   0x0000001c   Data   RW          698    .data               hmc5883.o
    0x2000007c   0x00000010   Data   RW          749    .data               mpu.o
    0x2000008c   0x0000001c   Data   RW          797    .data               app.o
    0x200000a8   0x00000090   Data   RW          813    .data               ahrs.o
    0x20000138   0x00000060   Data   RW          832    .data               attitude.o
    0x20000198   0x00000008   Data   RW          855    .data               comprotocol.o
    0x200001a0   0x00000054   Data   RW          874    .data               control.o
    0x200001f4   0x0000001c   Data   RW          893    .data               dataprocess.o
    0x20000210   0x0000001e   Data   RW          947    .data               optical_flow.o
    0x2000022e   0x00000002   PAD
    0x20000230   0x00000010   Data   RW          985    .data               quaternion.o
    0x20000240   0x00000018   Data   RW         1004    .data               rcdata.o
    0x20000258   0x00000010   Data   RW         1027    .data               sonar.o
    0x20000268   0x0000000e   Data   RW         1046    .data               transmit.o
    0x20000276   0x00000002   PAD
    0x20000278   0x00000048   Data   RW         1178    .data               os_core.o
    0x200002c0   0x00000004   Data   RW         1711    .data               mc_w.l(stdout.o)
    0x200002c4   0x00000004   Data   RW         1725    .data               mc_w.l(errno.o)
    0x200002c8   0x00000038   Zero   RW          480    .bss                usart.o
    0x20000300   0x00000010   Zero   RW          696    .bss                hmc5883.o
    0x20000310   0x00000e74   Zero   RW          796    .bss                app.o
    0x20001184   0x00000100   Zero   RW          812    .bss                ahrs.o
    0x20001284   0x0000003c   Zero   RW          831    .bss                attitude.o
    0x200012c0   0x00000044   Zero   RW          854    .bss                comprotocol.o
    0x20001304   0x00000120   Zero   RW          873    .bss                control.o
    0x20001424   0x00000054   Zero   RW          946    .bss                optical_flow.o
    0x20001478   0x00000024   Zero   RW          984    .bss                quaternion.o
    0x2000149c   0x00000018   Zero   RW         1003    .bss                rcdata.o
    0x200014b4   0x00000018   Zero   RW         1045    .bss                transmit.o
    0x200014cc   0x00000140   Zero   RW         1072    .bss                main.o
    0x2000160c   0x00000d40   Zero   RW         1176    .bss                os_core.o
    0x2000234c   0x00000004   PAD
    0x20002350   0x00000800   Zero   RW           71    STACK               startup_stm32f10x_hd.o


==============================================================================

Image component sizes


      Code (inc. data)   RO Data    RW Data    ZI Data      Debug   Object Name

       960         18          0         10          0       4160   24l01.o
         0          0          0          7          0        491   adns3080.o
      5788        404          0        144        256       6389   ahrs.o
      2460        364          0         28       3700       3972   app.o
      3352        274          0         96         60       7406   attitude.o
       276         20          0          0          0     267434   bsp.o
      1460         96          0          8         68       9768   comprotocol.o
      1344        216          0         84        288       3771   control.o
         0          0          0          0          0       4292   core_cm3.o
      1996        184          0         28          0       5078   dataprocess.o
       400         14          0          0          0       1475   exti.o
      1868        256         16         28         16      13470   hmc5883.o
       820         20          0          0          0     242968   i2c_1.o
       340         20          0          0          0        864   led.o
        40         10          0          0        320       1106   main.o
       220         20          0          0          0       1845   misc.o
       436         14          0         16          0       2800   mpu.o
       672         88          0         30         84       2983   optical_flow.o
      2212        218        256         72       3392      14869   os_core.o
       180         36          0          0          0        272   os_cpu_a.o
       174          0          0          0          0      10432   os_cpu_c.o
       484         16          0          0          0       3180   os_mem.o
      1512         30          0          0          0       5581   os_q.o
       908         18          0          0          0       3926   os_sem.o
      1984         72          0          0          0       7465   os_task.o
       440         30          0          0          0       1806   os_time.o
      1112         14          0         16         36       2196   quaternion.o
       368         60          0         24         24       1500   rcdata.o
        56         14          0         16          0       1848   sonar.o
       804         18          0          0          0       1936   spi.o
        48         12        304          0       2048        860   startup_stm32f10x_hd.o
       572         16          0          0          0     273035   stm32f10x_dma.o
       292         10          0          0          0       2023   stm32f10x_exti.o
       812         18          0          0          0       5003   stm32f10x_gpio.o
       996         18          0          0          0       8660   stm32f10x_i2c.o
        52          4          0          0          0       1243   stm32f10x_it.o
       928         44          0         20          0       8576   stm32f10x_rcc.o
       768          6          0          0          0       6146   stm32f10x_spi.o
      3014         16          0          0          0      23708   stm32f10x_tim.o
       880         12          0          0          0       7623   stm32f10x_usart.o
       312         18         20          0          0     201741   system_stm32f10x.o
       188         20          0          8          0     204585   systick.o
      1904        112          0         30          0       3998   timer_pwmin.o
       472         16          0          0          0       1943   timer_pwmout.o
       416         28          0         14         24       3932   transmit.o
      1676         38          0         20         56       4965   usart.o

    ----------------------------------------------------------------------
     46000       2932        628        704      10376    1393324   Object Totals
         0          0         32          0          0          0   (incl. Generated)
         4          0          0          5          4          0   (incl. Padding)

    ----------------------------------------------------------------------

      Code (inc. data)   RO Data    RW Data    ZI Data      Debug   Library Member Name

       636         52         80          0          0        168   asin.o
       548         70        152          0          0        124   atan.o
       384         38          0          0          0        144   atan2.o
       172          8          0          0          0        112   cos.o
       252         22         48          0          0        124   cos_i.o
       384         52          0          0          0        112   cosf.o
        16          6          0          0          0         68   dunder.o
        40          0          0          0          0         68   fpclassify.o
        38          0          0          0          0         68   fpclassifyf.o
        10          0          0          0          0         68   funder.o
       170          0          0          0          0         96   poly.o
         0          0          8          0          0          0   qnan.o
       904         72        200          0          0        140   rred.o
       344         18         32          0          0         88   rredf.o
       176         10          0          0          0        116   sin.o
       236         12         40          0          0        128   sin_i.o
       396         54          0          0          0        112   sinf.o
        76          0          0          0          0         84   sqrt.o
        92          0          0          0          0          0   __dczerorl2.o
         0          0          0          0          0          0   entry.o
         0          0          0          0          0          0   entry10a.o
         0          0          0          0          0          0   entry11a.o
         8          4          0          0          0          0   entry2.o
         4          0          0          0          0          0   entry5.o
         0          0          0          0          0          0   entry7b.o
         0          0          0          0          0          0   entry8b.o
         8          4          0          0          0          0   entry9a.o
        12          6          0          4          0         68   errno.o
        30          0          0          0          0          0   handlers.o
        36          8          0          0          0         68   init.o
         0          0          0          0          0          0   iusefp.o
        30          0          0          0          0         68   llshl.o
        36          0          0          0          0         68   llsshr.o
        32          0          0          0          0         68   llushr.o
      2242         90          0          0          0        444   printfa.o
         0          0          0          4          0          0   stdout.o
        44          0          0          0          0         80   uidiv.o
        98          0          0          0          0         92   uldiv.o
        40          2          0          0          0         68   cdcmple.o
        40          2          0          0          0         68   cdrcmple.o
        20          0          0          0          0         68   cfcmple.o
        20          0          0          0          0         68   cfrcmple.o
        56          0          0          0          0         88   d2f.o
       334          0          0          0          0        148   dadd.o
       222          0          0          0          0        100   ddiv.o
       190          0          0          0          0        176   depilogue.o
        62          0          0          0          0         80   dfixi.o
        50          0          0          0          0         76   dfixui.o
        48          0          0          0          0         68   dfixul.o
        34          0          0          0          0         76   dflti.o
        26          0          0          0          0         76   dfltui.o
       228          0          0          0          0         96   dmul.o
        46          0          0          0          0         80   dscalb.o
       162          0          0          0          0        100   dsqrt.o
        38          0          0          0          0         68   f2d.o
       176          0          0          0          0        140   fadd.o
       128          0          0          0          0         88   fdiv.o
       108          0          0          0          0        168   fepilogue.o
        50          0          0          0          0         68   ffixi.o
        40          0          0          0          0         68   ffixui.o
        18          0          0          0          0         68   fflti.o
        10          0          0          0          0         68   ffltui.o
       108          0          0          0          0         76   fmul.o
        60          0          0          0          0         76   frnd.o
        24          0          0          0          0         68   fscalb.o

    ----------------------------------------------------------------------
      9804        530        560          8          0       5168   Library Totals
        12          0          0          0          0          0   (incl. Padding)

    ----------------------------------------------------------------------

      Code (inc. data)   RO Data    RW Data    ZI Data      Debug   Library Name

      4782        414        560          0          0       1820   m_ws.l
      2672        112          0          8          0        956   mc_w.l
      2338          4          0          0          0       2392   mf_w.l

    ----------------------------------------------------------------------
      9804        530        560          8          0       5168   Library Totals

    ----------------------------------------------------------------------

==============================================================================


      Code (inc. data)   RO Data    RW Data    ZI Data      Debug   

     55804       3462       1188        712      10376    1391888   Grand Totals
     55804       3462       1188        116      10376    1391888   ELF Image Totals (compressed)
     55804       3462       1188        116          0          0   ROM Totals

==============================================================================

    Total RO  Size (Code + RO Data)                56992 (  55.66kB)
    Total RW  Size (RW Data + ZI Data)             11088 (  10.83kB)
    Total ROM Size (Code + RO Data + RW Data)      57108 (  55.77kB)

==============================================================================

